[2026-05-12 13:03:27]	[info] incremental build: 37 source files changed
These source files will be recompiled
---
'e:\大学嵌入式资料\TY实践课\2_温度、锁、电机节点\CORE\core_cm3.c': object (.o) file not exist
'e:\大学嵌入式资料\TY实践课\2_温度、锁、电机节点\CORE\startup_stm32f10x_hd.s': object (.o) file not exist
'e:\大学嵌入式资料\TY实践课\2_温度、锁、电机节点\HARDWARE\STMFLASH\stmflash.c': object (.o) file not exist
'e:\大学嵌入式资料\TY实践课\2_温度、锁、电机节点\HARDWARE\gpio.c': object (.o) file not exist
'e:\大学嵌入式资料\TY实践课\2_温度、锁、电机节点\HARDWARE\lcd.c': object (.o) file not exist
'e:\大学嵌入式资料\TY实践课\2_温度、锁、电机节点\STM32F10x_FWLIB\src\misc.c': object (.o) file not exist
'e:\大学嵌入式资料\TY实践课\2_温度、锁、电机节点\STM32F10x_FWLIB\src\stm32f10x_adc.c': object (.o) file not exist
'e:\大学嵌入式资料\TY实践课\2_温度、锁、电机节点\STM32F10x_FWLIB\src\stm32f10x_bkp.c': object (.o) file not exist
'e:\大学嵌入式资料\TY实践课\2_温度、锁、电机节点\STM32F10x_FWLIB\src\stm32f10x_can.c': object (.o) file not exist
'e:\大学嵌入式资料\TY实践课\2_温度、锁、电机节点\STM32F10x_FWLIB\src\stm32f10x_cec.c': object (.o) file not exist
'e:\大学嵌入式资料\TY实践课\2_温度、锁、电机节点\STM32F10x_FWLIB\src\stm32f10x_crc.c': object (.o) file not exist
'e:\大学嵌入式资料\TY实践课\2_温度、锁、电机节点\STM32F10x_FWLIB\src\stm32f10x_dac.c': object (.o) file not exist
'e:\大学嵌入式资料\TY实践课\2_温度、锁、电机节点\STM32F10x_FWLIB\src\stm32f10x_dbgmcu.c': object (.o) file not exist
'e:\大学嵌入式资料\TY实践课\2_温度、锁、电机节点\STM32F10x_FWLIB\src\stm32f10x_dma.c': object (.o) file not exist
'e:\大学嵌入式资料\TY实践课\2_温度、锁、电机节点\STM32F10x_FWLIB\src\stm32f10x_exti.c': object (.o) file not exist
'e:\大学嵌入式资料\TY实践课\2_温度、锁、电机节点\STM32F10x_FWLIB\src\stm32f10x_flash.c': object (.o) file not exist
'e:\大学嵌入式资料\TY实践课\2_温度、锁、电机节点\STM32F10x_FWLIB\src\stm32f10x_fsmc.c': object (.o) file not exist
'e:\大学嵌入式资料\TY实践课\2_温度、锁、电机节点\STM32F10x_FWLIB\src\stm32f10x_gpio.c': object (.o) file not exist
'e:\大学嵌入式资料\TY实践课\2_温度、锁、电机节点\STM32F10x_FWLIB\src\stm32f10x_i2c.c': object (.o) file not exist
'e:\大学嵌入式资料\TY实践课\2_温度、锁、电机节点\STM32F10x_FWLIB\src\stm32f10x_iwdg.c': object (.o) file not exist
'e:\大学嵌入式资料\TY实践课\2_温度、锁、电机节点\STM32F10x_FWLIB\src\stm32f10x_pwr.c': object (.o) file not exist
'e:\大学嵌入式资料\TY实践课\2_温度、锁、电机节点\STM32F10x_FWLIB\src\stm32f10x_rcc.c': object (.o) file not exist
'e:\大学嵌入式资料\TY实践课\2_温度、锁、电机节点\STM32F10x_FWLIB\src\stm32f10x_rtc.c': object (.o) file not exist
'e:\大学嵌入式资料\TY实践课\2_温度、锁、电机节点\STM32F10x_FWLIB\src\stm32f10x_sdio.c': object (.o) file not exist
'e:\大学嵌入式资料\TY实践课\2_温度、锁、电机节点\STM32F10x_FWLIB\src\stm32f10x_spi.c': object (.o) file not exist
'e:\大学嵌入式资料\TY实践课\2_温度、锁、电机节点\STM32F10x_FWLIB\src\stm32f10x_tim.c': object (.o) file not exist
'e:\大学嵌入式资料\TY实践课\2_温度、锁、电机节点\STM32F10x_FWLIB\src\stm32f10x_usart.c': object (.o) file not exist
'e:\大学嵌入式资料\TY实践课\2_温度、锁、电机节点\STM32F10x_FWLIB\src\stm32f10x_wwdg.c': object (.o) file not exist
'e:\大学嵌入式资料\TY实践课\2_温度、锁、电机节点\SYSTEM\delay\delay.c': object (.o) file not exist
'e:\大学嵌入式资料\TY实践课\2_温度、锁、电机节点\SYSTEM\exti\exti.c': object (.o) file not exist
'e:\大学嵌入式资料\TY实践课\2_温度、锁、电机节点\SYSTEM\spi\spi.c': object (.o) file not exist
'e:\大学嵌入式资料\TY实践课\2_温度、锁、电机节点\SYSTEM\sys\sys.c': object (.o) file not exist
'e:\大学嵌入式资料\TY实践课\2_温度、锁、电机节点\SYSTEM\timer\timer.c': object (.o) file not exist
'e:\大学嵌入式资料\TY实践课\2_温度、锁、电机节点\SYSTEM\usart\usart.c': object (.o) file not exist
'e:\大学嵌入式资料\TY实践课\2_温度、锁、电机节点\USER\main.c': object (.o) file not exist
'e:\大学嵌入式资料\TY实践课\2_温度、锁、电机节点\USER\stm32f10x_it.c': object (.o) file not exist
'e:\大学嵌入式资料\TY实践课\2_温度、锁、电机节点\USER\system_stm32f10x.c': object (.o) file not exist

[2026-05-12 13:03:30]	compilation failed at : "e:\大学嵌入式资料\TY实践课\2_温度、锁、电机节点\SYSTEM\usart\usart.c", exit code: 1
command: 
  "C:\Keil_v5\ARM\ARMCC\bin\armcc.exe" -c --apcs=interwork -I../CORE -I. -I../STM32F10x_FWLIB/inc -I../SYSTEM/delay -I../SYSTEM/sys -I../SYSTEM/usart -I../HARDWARE -I../SYSTEM/spi -I../SYSTEM/timer -I../SYSTEM/exti -I../HARDWARE/STMFLASH -I.cmsis/include -IRTE/_Template -D"STM32F10X_HD" -D"USE_STDPERIPH_DRIVER" --cpu Cortex-M3 --li --c99 -O0 --split_sections --diag_suppress=1 --diag_suppress=1295 -g -o .\build\Template\.obj\__\SYSTEM\usart\usart.o --no_depend_system_headers --depend .\build\Template\.obj\__\SYSTEM\usart\usart.d .\..\SYSTEM\usart\usart.c
   at unify_builder.Program.compileByMulThread(Int32 thrNum, CmdInfo[] cmds_, List`1 errLogs)
   at unify_builder.Program.Main(String[] args_)
---
".\..\SYSTEM\usart\usart.c", line 41: Error:  #260-D: explicit type is missing ("int" assumed)
  _sys_exit(int x) 
  ^
.\..\SYSTEM\usart\usart.c: 0 warnings, 1 error

[2026-05-12 13:06:20]	[done]
	build successfully !

