Component: ARM Compiler 5.06 update 6 (build 750) Tool: armlink [4d35ed]

==============================================================================

Section Cross References

    startup_stm32f10x_hd.o(STACK) refers (Special) to heapauxi.o(.text) for __use_two_region_memory
    startup_stm32f10x_hd.o(HEAP) refers (Special) to heapauxi.o(.text) for __use_two_region_memory
    startup_stm32f10x_hd.o(RESET) refers (Special) to heapauxi.o(.text) for __use_two_region_memory
    startup_stm32f10x_hd.o(RESET) refers to startup_stm32f10x_hd.o(STACK) for __initial_sp
    startup_stm32f10x_hd.o(RESET) refers to startup_stm32f10x_hd.o(.text) for Reset_Handler
    startup_stm32f10x_hd.o(RESET) refers to stm32f10x_it.o(i.NMI_Handler) for NMI_Handler
    startup_stm32f10x_hd.o(RESET) refers to stm32f10x_it.o(i.HardFault_Handler) for HardFault_Handler
    startup_stm32f10x_hd.o(RESET) refers to stm32f10x_it.o(i.MemManage_Handler) for MemManage_Handler
    startup_stm32f10x_hd.o(RESET) refers to stm32f10x_it.o(i.BusFault_Handler) for BusFault_Handler
    startup_stm32f10x_hd.o(RESET) refers to stm32f10x_it.o(i.UsageFault_Handler) for UsageFault_Handler
    startup_stm32f10x_hd.o(RESET) refers to stm32f10x_it.o(i.SVC_Handler) for SVC_Handler
    startup_stm32f10x_hd.o(RESET) refers to stm32f10x_it.o(i.DebugMon_Handler) for DebugMon_Handler
    startup_stm32f10x_hd.o(RESET) refers to stm32f10x_it.o(i.PendSV_Handler) for PendSV_Handler
    startup_stm32f10x_hd.o(RESET) refers to stm32f10x_it.o(i.SysTick_Handler) for SysTick_Handler
    startup_stm32f10x_hd.o(RESET) refers to exti.o(i.EXTI1_IRQHandler) for EXTI1_IRQHandler
    startup_stm32f10x_hd.o(RESET) refers to exti.o(i.EXTI4_IRQHandler) for EXTI4_IRQHandler
    startup_stm32f10x_hd.o(RESET) refers to exti.o(i.EXTI9_5_IRQHandler) for EXTI9_5_IRQHandler
    startup_stm32f10x_hd.o(RESET) refers to timer.o(i.TIM3_IRQHandler) for TIM3_IRQHandler
    startup_stm32f10x_hd.o(RESET) refers to usart.o(i.USART1_IRQHandler) for USART1_IRQHandler
    startup_stm32f10x_hd.o(RESET) refers to usart.o(i.USART2_IRQHandler) for USART2_IRQHandler
    startup_stm32f10x_hd.o(RESET) refers to usart.o(i.USART3_IRQHandler) for USART3_IRQHandler
    startup_stm32f10x_hd.o(.text) refers (Special) to heapauxi.o(.text) for __use_two_region_memory
    startup_stm32f10x_hd.o(.text) refers to system_stm32f10x.o(i.SystemInit) for SystemInit
    startup_stm32f10x_hd.o(.text) refers to __main.o(!!!main) for __main
    startup_stm32f10x_hd.o(.text) refers to startup_stm32f10x_hd.o(HEAP) for Heap_Mem
    startup_stm32f10x_hd.o(.text) refers to startup_stm32f10x_hd.o(STACK) for Stack_Mem
    stmflash.o(i.STMFLASH_Read) refers to stmflash.o(i.STMFLASH_ReadHalfWord) for STMFLASH_ReadHalfWord
    stmflash.o(i.STMFLASH_Write) refers to stm32f10x_flash.o(i.FLASH_Unlock) for FLASH_Unlock
    stmflash.o(i.STMFLASH_Write) refers to stmflash.o(i.STMFLASH_Read) for STMFLASH_Read
    stmflash.o(i.STMFLASH_Write) refers to stm32f10x_flash.o(i.FLASH_ErasePage) for FLASH_ErasePage
    stmflash.o(i.STMFLASH_Write) refers to stmflash.o(i.STMFLASH_Write_NoCheck) for STMFLASH_Write_NoCheck
    stmflash.o(i.STMFLASH_Write) refers to stm32f10x_flash.o(i.FLASH_Lock) for FLASH_Lock
    stmflash.o(i.STMFLASH_Write) refers to stmflash.o(.bss) for STMFLASH_BUF
    stmflash.o(i.STMFLASH_Write_NoCheck) refers to stm32f10x_flash.o(i.FLASH_ProgramHalfWord) for FLASH_ProgramHalfWord
    stmflash.o(i.Test_Write) refers to stmflash.o(i.STMFLASH_Write) for STMFLASH_Write
    gpio.o(i.GPIO_Configuration) refers to stm32f10x_gpio.o(i.GPIO_StructInit) for GPIO_StructInit
    gpio.o(i.GPIO_Configuration) refers to stm32f10x_rcc.o(i.RCC_APB2PeriphClockCmd) for RCC_APB2PeriphClockCmd
    gpio.o(i.GPIO_Configuration) refers to stm32f10x_gpio.o(i.GPIO_Init) for GPIO_Init
    gpio.o(i.GPIO_Configuration) refers to stm32f10x_gpio.o(i.GPIO_SetBits) for GPIO_SetBits
    lcd.o(i.Address_set) refers to lcd.o(i.LCD_WR_REG) for LCD_WR_REG
    lcd.o(i.Address_set) refers to lcd.o(i.LCD_WR_DATA8) for LCD_WR_DATA8
    lcd.o(i.LCD_Clear) refers to lcd.o(i.Address_set) for Address_set
    lcd.o(i.LCD_Clear) refers to lcd.o(i.LCD_WR_DATA) for LCD_WR_DATA
    lcd.o(i.LCD_DrawLine) refers to lcd.o(i.LCD_DrawPoint) for LCD_DrawPoint
    lcd.o(i.LCD_DrawPoint) refers to lcd.o(i.Address_set) for Address_set
    lcd.o(i.LCD_DrawPoint) refers to lcd.o(i.LCD_WR_DATA) for LCD_WR_DATA
    lcd.o(i.LCD_DrawPoint) refers to lcd.o(.data) for POINT_COLOR
    lcd.o(i.LCD_DrawRectangle) refers to lcd.o(i.LCD_DrawLine) for LCD_DrawLine
    lcd.o(i.LCD_Fill) refers to lcd.o(i.Address_set) for Address_set
    lcd.o(i.LCD_Fill) refers to lcd.o(i.LCD_WR_DATA) for LCD_WR_DATA
    lcd.o(i.LCD_ShowChar) refers to lcd.o(i.Address_set) for Address_set
    lcd.o(i.LCD_ShowChar) refers to lcd.o(i.LCD_WR_DATA) for LCD_WR_DATA
    lcd.o(i.LCD_ShowChar) refers to lcd.o(i.LCD_DrawPoint) for LCD_DrawPoint
    lcd.o(i.LCD_ShowChar) refers to lcd.o(.data) for POINT_COLOR
[...]
    Removing stm32f10x_tim.o(i.TIM_SelectCOM), (24 bytes).
    Removing stm32f10x_tim.o(i.TIM_SelectHallSensor), (24 bytes).
    Removing stm32f10x_tim.o(i.TIM_SelectInputTrigger), (18 bytes).
    Removing stm32f10x_tim.o(i.TIM_SelectMasterSlaveMode), (18 bytes).
    Removing stm32f10x_tim.o(i.TIM_SelectOCxM), (82 bytes).
    Removing stm32f10x_tim.o(i.TIM_SelectOnePulseMode), (18 bytes).
    Removing stm32f10x_tim.o(i.TIM_SelectOutputTrigger), (18 bytes).
    Removing stm32f10x_tim.o(i.TIM_SelectSlaveMode), (18 bytes).
    Removing stm32f10x_tim.o(i.TIM_SetAutoreload), (4 bytes).
    Removing stm32f10x_tim.o(i.TIM_SetClockDivision), (18 bytes).
    Removing stm32f10x_tim.o(i.TIM_SetCompare1), (4 bytes).
    Removing stm32f10x_tim.o(i.TIM_SetCompare2), (4 bytes).
    Removing stm32f10x_tim.o(i.TIM_SetCompare3), (4 bytes).
    Removing stm32f10x_tim.o(i.TIM_SetCompare4), (6 bytes).
    Removing stm32f10x_tim.o(i.TIM_SetCounter), (4 bytes).
    Removing stm32f10x_tim.o(i.TIM_SetIC1Prescaler), (18 bytes).
    Removing stm32f10x_tim.o(i.TIM_SetIC2Prescaler), (26 bytes).
    Removing stm32f10x_tim.o(i.TIM_SetIC3Prescaler), (18 bytes).
    Removing stm32f10x_tim.o(i.TIM_SetIC4Prescaler), (26 bytes).
    Removing stm32f10x_tim.o(i.TIM_TIxExternalClockConfig), (62 bytes).
    Removing stm32f10x_tim.o(i.TIM_TimeBaseStructInit), (18 bytes).
    Removing stm32f10x_tim.o(i.TIM_UpdateDisableConfig), (24 bytes).
    Removing stm32f10x_tim.o(i.TIM_UpdateRequestConfig), (24 bytes).
    Removing stm32f10x_usart.o(i.USART_ClearFlag), (18 bytes).
    Removing stm32f10x_usart.o(i.USART_ClearITPendingBit), (30 bytes).
    Removing stm32f10x_usart.o(i.USART_ClockInit), (34 bytes).
    Removing stm32f10x_usart.o(i.USART_ClockStructInit), (12 bytes).
    Removing stm32f10x_usart.o(i.USART_DMACmd), (18 bytes).
    Removing stm32f10x_usart.o(i.USART_DeInit), (156 bytes).
    Removing stm32f10x_usart.o(i.USART_HalfDuplexCmd), (24 bytes).
    Removing stm32f10x_usart.o(i.USART_IrDACmd), (24 bytes).
    Removing stm32f10x_usart.o(i.USART_IrDAConfig), (18 bytes).
    Removing stm32f10x_usart.o(i.USART_LINBreakDetectLengthConfig), (18 bytes).
    Removing stm32f10x_usart.o(i.USART_LINCmd), (24 bytes).
    Removing stm32f10x_usart.o(i.USART_OneBitMethodCmd), (24 bytes).
    Removing stm32f10x_usart.o(i.USART_OverSampling8Cmd), (22 bytes).
    Removing stm32f10x_usart.o(i.USART_ReceiverWakeUpCmd), (24 bytes).
    Removing stm32f10x_usart.o(i.USART_SendBreak), (10 bytes).
    Removing stm32f10x_usart.o(i.USART_SetAddress), (18 bytes).
    Removing stm32f10x_usart.o(i.USART_SetGuardTime), (16 bytes).
    Removing stm32f10x_usart.o(i.USART_SetPrescaler), (16 bytes).
    Removing stm32f10x_usart.o(i.USART_SmartCardCmd), (24 bytes).
    Removing stm32f10x_usart.o(i.USART_SmartCardNACKCmd), (24 bytes).
    Removing stm32f10x_usart.o(i.USART_StructInit), (24 bytes).
    Removing stm32f10x_usart.o(i.USART_WakeUpConfig), (18 bytes).
    Removing stm32f10x_wwdg.o(i.WWDG_ClearFlag), (12 bytes).
    Removing stm32f10x_wwdg.o(i.WWDG_DeInit), (22 bytes).
    Removing stm32f10x_wwdg.o(i.WWDG_Enable), (16 bytes).
    Removing stm32f10x_wwdg.o(i.WWDG_EnableIT), (12 bytes).
    Removing stm32f10x_wwdg.o(i.WWDG_GetFlagStatus), (12 bytes).
    Removing stm32f10x_wwdg.o(i.WWDG_SetCounter), (16 bytes).
    Removing stm32f10x_wwdg.o(i.WWDG_SetPrescaler), (24 bytes).
    Removing stm32f10x_wwdg.o(i.WWDG_SetWindowValue), (40 bytes).
    Removing delay.o(i.delay_us), (76 bytes).
    Removing spi.o(i.SPI2_SetSpeed), (40 bytes).
    Removing usart.o(i.CLR_Buf2), (36 bytes).
    Removing usart.o(i.USART1TxData), (22 bytes).
    Removing usart.o(i.USART1TxData_hex), (26 bytes).
    Removing usart.o(i.USART2TxData), (22 bytes).
    Removing usart.o(i.USART2TxData_hex), (26 bytes).
    Removing usart.o(i.USART3TxData), (22 bytes).
    Removing usart.o(i.USART3TxStr), (22 bytes).
    Removing usart.o(i.Usart3_Init), (44 bytes).
    Removing usart.o(i.fputc), (28 bytes).
    Removing main.o(i.Get_data_len), (18 bytes).
    Removing main.o(i.Wifi_send), (396 bytes).
    Removing system_stm32f10x.o(i.SystemCoreClockUpdate), (164 bytes).

451 unused section(s) (total 17976 bytes) removed from the image.

==============================================================================

Image Symbol Table

    Local Symbols

    Symbol Name                              Value     Ov Type        Size  Object(Section)

    ../clib/angel/boardlib.s                 0x00000000   Number         0  boardinit1.o ABSOLUTE
    ../clib/angel/boardlib.s                 0x00000000   Number         0  boardinit2.o ABSOLUTE
    ../clib/angel/boardlib.s                 0x00000000   Number         0  boardinit3.o ABSOLUTE
    ../clib/angel/boardlib.s                 0x00000000   Number         0  boardshut.o ABSOLUTE
    ../clib/angel/handlers.s                 0x00000000   Number         0  __scatter_zi.o ABSOLUTE
    ../clib/angel/handlers.s                 0x00000000   Number         0  __scatter_copy.o ABSOLUTE
    ../clib/angel/kernel.s                   0x00000000   Number         0  rtexit2.o ABSOLUTE
    ../clib/angel/kernel.s                   0x00000000   Number         0  __rtentry4.o ABSOLUTE
    ../clib/angel/kernel.s                   0x00000000   Number         0  __rtentry2.o ABSOLUTE
    ../clib/angel/kernel.s                   0x00000000   Number         0  __rtentry.o ABSOLUTE
    ../clib/angel/kernel.s                   0x00000000   Number         0  rtexit.o ABSOLUTE
    ../clib/angel/rt.s                       0x00000000   Number         0  rt_raise.o ABSOLUTE
    ../clib/angel/scatter.s                  0x00000000   Number         0  __scatter.o ABSOLUTE
    ../clib/angel/startup.s                  0x00000000   Number         0  __main.o ABSOLUTE
    ../clib/angel/sys.s                      0x00000000   Number         0  use_no_semi_2.o ABSOLUTE
    ../clib/angel/sys.s                      0x00000000   Number         0  indicate_semi.o ABSOLUTE
    ../clib/angel/sys.s                      0x00000000   Number         0  sys_stackheap_outer.o ABSOLUTE
    ../clib/angel/sys.s                      0x00000000   Number         0  use_no_semi.o ABSOLUTE
    ../clib/angel/sys.s                      0x00000000   Number         0  libspace.o ABSOLUTE
    ../clib/angel/sysapp.c                   0x00000000   Number         0  sys_command.o ABSOLUTE
    ../clib/angel/sysapp.c                   0x00000000   Number         0  sys_wrch.o ABSOLUTE
    ../clib/armsys.c                         0x00000000   Number         0  argv_veneer.o ABSOLUTE
    ../clib/armsys.c                         0x00000000   Number         0  no_argv.o ABSOLUTE
    ../clib/armsys.c                         0x00000000   Number         0  argv_veneer.o ABSOLUTE
    ../clib/armsys.c                         0x00000000   Number         0  _get_argv_nomalloc.o ABSOLUTE
    ../clib/heapalloc.c                      0x00000000   Number         0  hrguard.o ABSOLUTE
    ../clib/heapaux.c                        0x00000000   Number         0  heapauxi.o ABSOLUTE
    ../clib/libinit.s                        0x00000000   Number         0  libinit2.o ABSOLUTE
    ../clib/libinit.s                        0x00000000   Number         0  libshutdown2.o ABSOLUTE
    ../clib/libinit.s                        0x00000000   Number         0  libshutdown.o ABSOLUTE
    ../clib/libinit.s                        0x00000000   Number         0  libinit.o ABSOLUTE
    ../clib/signal.c                         0x00000000   Number         0  defsig_abrt_inner.o ABSOLUTE
    ../clib/signal.c                         0x00000000   Number         0  defsig_rtmem_outer.o ABSOLUTE
    ../clib/signal.c                         0x00000000   Number         0  defsig_stak_inner.o ABSOLUTE
    ../clib/signal.c                         0x00000000   Number         0  defsig_general.o ABSOLUTE
    ../clib/signal.c                         0x00000000   Number         0  __raise.o ABSOLUTE
    ../clib/signal.c                         0x00000000   Number         0  defsig_rtmem_inner.o ABSOLUTE
    ../clib/signal.c                         0x00000000   Number         0  defsig_exit.o ABSOLUTE
    ../clib/signal.c                         0x00000000   Number         0  defsig_rtred_inner.o ABSOLUTE
    ../clib/signal.c                         0x00000000   Number         0  defsig_rtmem_formal.o ABSOLUTE
    ../clib/signal.c                         0x00000000   Number         0  defsig_pvfn_inner.o ABSOLUTE
    ../clib/signal.c                         0x00000000   Number         0  defsig_fpe_inner.o ABSOLUTE
    ../clib/signal.c                         0x00000000   Number         0  defsig_cppl_inner.o ABSOLUTE
    ../clib/signal.c                         0x00000000   Number         0  defsig_other.o ABSOLUTE
    ../clib/signal.c                         0x00000000   Number         0  defsig_segv_inner.o ABSOLUTE
    ../clib/signal.s                         0x00000000   Number         0  defsig.o ABSOLUTE
    ../clib/stdlib.c                         0x00000000   Number         0  exit.o ABSOLUTE
    ../fplib/fpinit.s                        0x00000000   Number         0  fpinit.o ABSOLUTE
    .\..\CORE\core_cm3.c                     0x00000000   Number         0  core_cm3.o ABSOLUTE
    .\..\CORE\startup_stm32f10x_hd.s         0x00000000   Number         0  startup_stm32f10x_hd.o ABSOLUTE
    .\..\HARDWARE\STMFLASH\stmflash.c        0x00000000   Number         0  stmflash.o ABSOLUTE
    .\..\HARDWARE\gpio.c                     0x00000000   Number         0  gpio.o ABSOLUTE
    .\..\HARDWARE\lcd.c                      0x00000000   Number         0  lcd.o ABSOLUTE
    .\..\STM32F10x_FWLIB\src\misc.c          0x00000000   Number         0  misc.o ABSOLUTE
    .\..\STM32F10x_FWLIB\src\stm32f10x_adc.c 0x00000000   Number         0  stm32f10x_adc.o ABSOLUTE
    .\..\STM32F10x_FWLIB\src\stm32f10x_bkp.c 0x00000000   Number         0  stm32f10x_bkp.o ABSOLUTE
    .\..\STM32F10x_FWLIB\src\stm32f10x_can.c 0x00000000   Number         0  stm32f10x_can.o ABSOLUTE
    .\..\STM32F10x_FWLIB\src\stm32f10x_cec.c 0x00000000   Number         0  stm32f10x_cec.o ABSOLUTE
    .\..\STM32F10x_FWLIB\src\stm32f10x_crc.c 0x00000000   Number         0  stm32f10x_crc.o ABSOLUTE
    .\..\STM32F10x_FWLIB\src\stm32f10x_dac.c 0x00000000   Number         0  stm32f10x_dac.o ABSOLUTE
    .\..\STM32F10x_FWLIB\src\stm32f10x_dbgmcu.c 0x00000000   Number         0  stm32f10x_dbgmcu.o ABSOLUTE
    .\..\STM32F10x_FWLIB\src\stm32f10x_dma.c 0x00000000   Number         0  stm32f10x_dma.o ABSOLUTE
    .\..\STM32F10x_FWLIB\src\stm32f10x_exti.c 0x00000000   Number         0  stm32f10x_exti.o ABSOLUTE
    .\..\STM32F10x_FWLIB\src\stm32f10x_flash.c 0x00000000   Number         0  stm32f10x_flash.o ABSOLUTE
    .\..\STM32F10x_FWLIB\src\stm32f10x_fsmc.c 0x00000000   Number         0  stm32f10x_fsmc.o ABSOLUTE
    .\..\STM32F10x_FWLIB\src\stm32f10x_gpio.c 0x00000000   Number         0  stm32f10x_gpio.o ABSOLUTE
    .\..\STM32F10x_FWLIB\src\stm32f10x_i2c.c 0x00000000   Number         0  stm32f10x_i2c.o ABSOLUTE
    .\..\STM32F10x_FWLIB\src\stm32f10x_iwdg.c 0x00000000   Number         0  stm32f10x_iwdg.o ABSOLUTE
    .\..\STM32F10x_FWLIB\src\stm32f10x_pwr.c 0x00000000   Number         0  stm32f10x_pwr.o ABSOLUTE
    .\..\STM32F10x_FWLIB\src\stm32f10x_rcc.c 0x00000000   Number         0  stm32f10x_rcc.o ABSOLUTE
    .\..\STM32F10x_FWLIB\src\stm32f10x_rtc.c 0x00000000   Number         0  stm32f10x_rtc.o ABSOLUTE
    .\..\STM32F10x_FWLIB\src\stm32f10x_sdio.c 0x00000000   Number         0  stm32f10x_sdio.o ABSOLUTE
    .\..\STM32F10x_FWLIB\src\stm32f10x_spi.c 0x00000000   Number         0  stm32f10x_spi.o ABSOLUTE
    .\..\STM32F10x_FWLIB\src\stm32f10x_tim.c 0x00000000   Number         0  stm32f10x_tim.o ABSOLUTE
    .\..\STM32F10x_FWLIB\src\stm32f10x_usart.c 0x00000000   Number         0  stm32f10x_usart.o ABSOLUTE
    .\..\STM32F10x_FWLIB\src\stm32f10x_wwdg.c 0x00000000   Number         0  stm32f10x_wwdg.o ABSOLUTE
    .\..\SYSTEM\delay\delay.c                0x00000000   Number         0  delay.o ABSOLUTE
    .\..\SYSTEM\exti\exti.c                  0x00000000   Number         0  exti.o ABSOLUTE
    .\..\SYSTEM\spi\spi.c                    0x00000000   Number         0  spi.o ABSOLUTE
    .\..\SYSTEM\sys\sys.c                    0x00000000   Number         0  sys.o ABSOLUTE
    .\..\SYSTEM\timer\timer.c                0x00000000   Number         0  timer.o ABSOLUTE
    .\..\SYSTEM\usart\usart.c                0x00000000   Number         0  usart.o ABSOLUTE
    .\\..\\CORE\\core_cm3.c                  0x00000000   Number         0  core_cm3.o ABSOLUTE
    .\main.c                                 0x00000000   Number         0  main.o ABSOLUTE
    .\stm32f10x_it.c                         0x00000000   Number         0  stm32f10x_it.o ABSOLUTE
    .\system_stm32f10x.c                     0x00000000   Number         0  system_stm32f10x.o ABSOLUTE
    dc.s                                     0x00000000   Number         0  dc.o ABSOLUTE
    RESET                                    0x08000000   Section      304  startup_stm32f10x_hd.o(RESET)
    !!!main                                  0x08000130   Section        8  __main.o(!!!main)
    !!!scatter                               0x08000138   Section       52  __scatter.o(!!!scatter)
    !!handler_copy                           0x0800016c   Section       26  __scatter_copy.o(!!handler_copy)
    !!handler_zi                             0x08000188   Section       28  __scatter_zi.o(!!handler_zi)
    .ARM.Collect$$libinit$$00000000          0x080001a4   Section        2  libinit.o(.ARM.Collect$$libinit$$00000000)
    .ARM.Collect$$libinit$$00000002          0x080001a6   Section        0  libinit2.o(.ARM.Collect$$libinit$$00000002)
    .ARM.Collect$$libinit$$00000004          0x080001a6   Section        0  libinit2.o(.ARM.Collect$$libinit$$00000004)
    .ARM.Collect$$libinit$$0000000A          0x080001a6   Section        0  libinit2.o(.ARM.Collect$$libinit$$0000000A)
    .ARM.Collect$$libinit$$0000000C          0x080001a6   Section        0  libinit2.o(.ARM.Collect$$libinit$$0000000C)
    .ARM.Collect$$libinit$$0000000E          0x080001a6   Section        0  libinit2.o(.ARM.Collect$$libinit$$0000000E)
    .ARM.Collect$$libinit$$00000011          0x080001a6   Section        0  libinit2.o(.ARM.Collect$$libinit$$00000011)
    .ARM.Collect$$libinit$$00000013          0x080001a6   Section        0  libinit2.o(.ARM.Collect$$libinit$$00000013)
    .ARM.Collect$$libinit$$00000015          0x080001a6   Section        0  libinit2.o(.ARM.Collect$$libinit$$00000015)
    .ARM.Collect$$libinit$$00000017          0x080001a6   Section        0  libinit2.o(.ARM.Collect$$libinit$$00000017)
    .ARM.Collect$$libinit$$00000019          0x080001a6   Section        0  libinit2.o(.ARM.Collect$$libinit$$00000019)
    .ARM.Collect$$libinit$$0000001B          0x080001a6   Section        0  libinit2.o(.ARM.Collect$$libinit$$0000001B)
    .ARM.Collect$$libinit$$0000001D          0x080001a6   Section        0  libinit2.o(.ARM.Collect$$libinit$$0000001D)
    .ARM.Collect$$libinit$$0000001F          0x080001a6   Section        0  libinit2.o(.ARM.Collect$$libinit$$0000001F)
    .ARM.Collect$$libinit$$00000021          0x080001a6   Section        0  libinit2.o(.ARM.Collect$$libinit$$00000021)
    .ARM.Collect$$libinit$$00000023          0x080001a6   Section        0  libinit2.o(.ARM.Collect$$libinit$$00000023)
    .ARM.Collect$$libinit$$00000025          0x080001a6   Section        0  libinit2.o(.ARM.Collect$$libinit$$00000025)
    .ARM.Collect$$libinit$$0000002C          0x080001a6   Section        0  libinit2.o(.ARM.Collect$$libinit$$0000002C)
    .ARM.Collect$$libinit$$0000002E          0x080001a6   Section        0  libinit2.o(.ARM.Collect$$libinit$$0000002E)
    .ARM.Collect$$libinit$$00000030          0x080001a6   Section        0  libinit2.o(.ARM.Collect$$libinit$$00000030)
    .ARM.Collect$$libinit$$00000032          0x080001a6   Section        0  libinit2.o(.ARM.Collect$$libinit$$00000032)
    .ARM.Collect$$libinit$$00000033          0x080001a6   Section        2  libinit2.o(.ARM.Collect$$libinit$$00000033)
    .ARM.Collect$$libshutdown$$00000000      0x080001a8   Section        2  libshutdown.o(.ARM.Collect$$libshutdown$$00000000)
    .ARM.Collect$$libshutdown$$00000002      0x080001aa   Section        0  libshutdown2.o(.ARM.Collect$$libshutdown$$00000002)
    .ARM.Collect$$libshutdown$$00000004      0x080001aa   Section        0  libshutdown2.o(.ARM.Collect$$libshutdown$$00000004)
    .ARM.Collect$$libshutdown$$00000007      0x080001aa   Section        0  libshutdown2.o(.ARM.Collect$$libshutdown$$00000007)
    .ARM.Collect$$libshutdown$$0000000A      0x080001aa   Section        0  libshutdown2.o(.ARM.Collect$$libshutdown$$0000000A)
    .ARM.Collect$$libshutdown$$0000000C      0x080001aa   Section        0  libshutdown2.o(.ARM.Collect$$libshutdown$$0000000C)
    .ARM.Collect$$libshutdown$$0000000F      0x080001aa   Section        0  libshutdown2.o(.ARM.Collect$$libshutdown$$0000000F)
    .ARM.Collect$$libshutdown$$00000010      0x080001aa   Section        2  libshutdown2.o(.ARM.Collect$$libshutdown$$00000010)
    .ARM.Collect$$rtentry$$00000000          0x080001ac   Section        0  __rtentry.o(.ARM.Collect$$rtentry$$00000000)
    .ARM.Collect$$rtentry$$00000002          0x080001ac   Section        0  __rtentry2.o(.ARM.Collect$$rtentry$$00000002)
    .ARM.Collect$$rtentry$$00000004          0x080001ac   Section        6  __rtentry4.o(.ARM.Collect$$rtentry$$00000004)
    .ARM.Collect$$rtentry$$00000009          0x080001b2   Section        0  __rtentry2.o(.ARM.Collect$$rtentry$$00000009)
    .ARM.Collect$$rtentry$$0000000A          0x080001b2   Section        4  __rtentry2.o(.ARM.Collect$$rtentry$$0000000A)
    .ARM.Collect$$rtentry$$0000000C          0x080001b6   Section        0  __rtentry2.o(.ARM.Collect$$rtentry$$0000000C)
    .ARM.Collect$$rtentry$$0000000D          0x080001b6   Section        8  __rtentry2.o(.ARM.Collect$$rtentry$$0000000D)
    .ARM.Collect$$rtexit$$00000000           0x080001be   Section        2  rtexit.o(.ARM.Collect$$rtexit$$00000000)
    .ARM.Collect$$rtexit$$00000002           0x080001c0   Section        0  rtexit2.o(.ARM.Collect$$rtexit$$00000002)
    .ARM.Collect$$rtexit$$00000003           0x080001c0   Section        4  rtexit2.o(.ARM.Collect$$rtexit$$00000003)
    .ARM.Collect$$rtexit$$00000004           0x080001c4   Section        6  rtexit2.o(.ARM.Collect$$rtexit$$00000004)
    .text                                    0x080001cc   Section       64  startup_stm32f10x_hd.o(.text)
    .text                                    0x0800020c   Section        2  use_no_semi_2.o(.text)
    .text                                    0x0800020e   Section        0  heapauxi.o(.text)
    .text                                    0x08000214   Section        2  use_no_semi.o(.text)
    .text                                    0x08000216   Section       74  sys_stackheap_outer.o(.text)
    .text                                    0x08000260   Section        0  exit.o(.text)
    .text                                    0x08000274   Section        8  libspace.o(.text)
    i.Address_set                            0x0800027c   Section        0  lcd.o(i.Address_set)
    i.BusFault_Handler                       0x080002d6   Section        0  stm32f10x_it.o(i.BusFault_Handler)
    i.CLR_Buf1                               0x080002dc   Section        0  usart.o(i.CLR_Buf1)
    i.CLR_Buf3                               0x08000300   Section        0  usart.o(i.CLR_Buf3)
    i.DebugMon_Handler                       0x08000324   Section        0  stm32f10x_it.o(i.DebugMon_Handler)
    i.ESP8266_Init                           0x08000328   Section        0  main.o(i.ESP8266_Init)
    i.EXTI1_IRQHandler                       0x080005b0   Section        0  exti.o(i.EXTI1_IRQHandler)
    i.EXTI4_IRQHandler                       0x080005f8   Section        0  exti.o(i.EXTI4_IRQHandler)
    i.EXTI9_5_IRQHandler                     0x08000640   Section        0  exti.o(i.EXTI9_5_IRQHandler)
    i.EXTIX_Init                             0x080006c8   Section        0  exti.o(i.EXTIX_Init)
    i.EXTI_ClearITPendingBit                 0x080007a0   Section        0  stm32f10x_exti.o(i.EXTI_ClearITPendingBit)
    i.EXTI_Init                              0x080007ac   Section        0  stm32f10x_exti.o(i.EXTI_Init)
    i.FLASH_ErasePage                        0x08000840   Section        0  stm32f10x_flash.o(i.FLASH_ErasePage)
    i.FLASH_GetBank1Status                   0x0800088c   Section        0  stm32f10x_flash.o(i.FLASH_GetBank1Status)
    i.FLASH_Lock                             0x080008c0   Section        0  stm32f10x_flash.o(i.FLASH_Lock)
    i.FLASH_ProgramHalfWord                  0x080008d4   Section        0  stm32f10x_flash.o(i.FLASH_ProgramHalfWord)
    i.FLASH_Unlock                           0x08000914   Section        0  stm32f10x_flash.o(i.FLASH_Unlock)
    i.FLASH_WaitForLastOperation             0x0800092c   Section        0  stm32f10x_flash.o(i.FLASH_WaitForLastOperation)
    i.FLASH_data_init                        0x08000954   Section        0  main.o(i.FLASH_data_init)
    i.GPIO_Configuration                     0x08000a90   Section        0  gpio.o(i.GPIO_Configuration)
    i.GPIO_EXTILineConfig                    0x08000b80   Section        0  stm32f10x_gpio.o(i.GPIO_EXTILineConfig)
    i.GPIO_Init                              0x08000bc0   Section        0  stm32f10x_gpio.o(i.GPIO_Init)
    i.GPIO_PinRemapConfig                    0x08000cd8   Section        0  stm32f10x_gpio.o(i.GPIO_PinRemapConfig)
    i.GPIO_ReadInputDataBit                  0x08000d68   Section        0  stm32f10x_gpio.o(i.GPIO_ReadInputDataBit)
    i.GPIO_ResetBits                         0x08000d7a   Section        0  stm32f10x_gpio.o(i.GPIO_ResetBits)
    i.GPIO_SetBits                           0x08000d7e   Section        0  stm32f10x_gpio.o(i.GPIO_SetBits)
    i.GPIO_StructInit                        0x08000d82   Section        0  stm32f10x_gpio.o(i.GPIO_StructInit)
    i.HardFault_Handler                      0x08000d92   Section        0  stm32f10x_it.o(i.HardFault_Handler)
    i.KEY_Init                               0x08000d98   Section        0  exti.o(i.KEY_Init)
    i.Key_procsess                           0x08000dbc   Section        0  main.o(i.Key_procsess)
    i.LCD_Clear                              0x08000fa4   Section        0  lcd.o(i.LCD_Clear)
    i.LCD_DrawLine                           0x08000fd4   Section        0  lcd.o(i.LCD_DrawLine)
    i.LCD_DrawPoint                          0x0800107c   Section        0  lcd.o(i.LCD_DrawPoint)
    i.LCD_DrawRectangle                      0x0800109c   Section        0  lcd.o(i.LCD_DrawRectangle)
    i.LCD_Fill                               0x080010dc   Section        0  lcd.o(i.LCD_Fill)
    i.LCD_ShowChar                           0x0800111c   Section        0  lcd.o(i.LCD_ShowChar)
    i.LCD_ShowString                         0x08001200   Section        0  lcd.o(i.LCD_ShowString)
    i.LCD_Show_Chinese16x16                  0x0800123e   Section        0  lcd.o(i.LCD_Show_Chinese16x16)
    i.LCD_Show_One_Chinese16x16              0x08001268   Section        0  lcd.o(i.LCD_Show_One_Chinese16x16)
    i.LCD_WR_DATA                            0x0800131c   Section        0  lcd.o(i.LCD_WR_DATA)
    i.LCD_WR_DATA8                           0x0800133c   Section        0  lcd.o(i.LCD_WR_DATA8)
    i.LCD_WR_REG                             0x08001354   Section        0  lcd.o(i.LCD_WR_REG)
    i.LCD_Writ_Bus                           0x0800136c   Section        0  lcd.o(i.LCD_Writ_Bus)
    i.LCD_display_init                       0x08001378   Section        0  main.o(i.LCD_display_init)
    i.Lcd_Init                               0x080015d0   Section        0  lcd.o(i.Lcd_Init)
    i.Light_Control                          0x08001824   Section        0  main.o(i.Light_Control)
    i.MemManage_Handler                      0x0800194c   Section        0  stm32f10x_it.o(i.MemManage_Handler)
    i.Mileage_process                        0x08001950   Section        0  main.o(i.Mileage_process)
    i.NMI_Handler                            0x08001b2c   Section        0  stm32f10x_it.o(i.NMI_Handler)
    i.NVIC_Configuration                     0x08001b2e   Section        0  sys.o(i.NVIC_Configuration)
    i.NVIC_Init                              0x08001b3c   Section        0  misc.o(i.NVIC_Init)
    i.NVIC_PriorityGroupConfig               0x08001bac   Section        0  misc.o(i.NVIC_PriorityGroupConfig)
    i.PendSV_Handler                         0x08001bc0   Section        0  stm32f10x_it.o(i.PendSV_Handler)
    i.Query                                  0x08001bc2   Section        0  main.o(i.Query)
    i.RCC_APB1PeriphClockCmd                 0x08001c24   Section        0  stm32f10x_rcc.o(i.RCC_APB1PeriphClockCmd)
    i.RCC_APB2PeriphClockCmd                 0x08001c44   Section        0  stm32f10x_rcc.o(i.RCC_APB2PeriphClockCmd)
    i.RCC_GetClocksFreq                      0x08001c64   Section        0  stm32f10x_rcc.o(i.RCC_GetClocksFreq)
    i.Regularly_collect_data                 0x08001d38   Section        0  main.o(i.Regularly_collect_data)
    i.Renew_Flash                            0x08001e88   Section        0  main.o(i.Renew_Flash)
    i.SPI2_Init                              0x08002094   Section        0  spi.o(i.SPI2_Init)
    i.SPI2_ReadWriteByte                     0x0800211c   Section        0  spi.o(i.SPI2_ReadWriteByte)
    i.SPI_Cmd                                0x08002170   Section        0  stm32f10x_spi.o(i.SPI_Cmd)
    i.SPI_I2S_GetFlagStatus                  0x08002188   Section        0  stm32f10x_spi.o(i.SPI_I2S_GetFlagStatus)
    i.SPI_I2S_ReceiveData                    0x0800219a   Section        0  stm32f10x_spi.o(i.SPI_I2S_ReceiveData)
    i.SPI_I2S_SendData                       0x080021a0   Section        0  stm32f10x_spi.o(i.SPI_I2S_SendData)
    i.SPI_Init                               0x080021a4   Section        0  stm32f10x_spi.o(i.SPI_Init)
    i.STMFLASH_Read                          0x080021e0   Section        0  stmflash.o(i.STMFLASH_Read)
    i.STMFLASH_ReadHalfWord                  0x08002202   Section        0  stmflash.o(i.STMFLASH_ReadHalfWord)
    i.STMFLASH_Write                         0x08002208   Section        0  stmflash.o(i.STMFLASH_Write)
    i.STMFLASH_Write_NoCheck                 0x080022f0   Section        0  stmflash.o(i.STMFLASH_Write_NoCheck)
    i.SVC_Handler                            0x08002316   Section        0  stm32f10x_it.o(i.SVC_Handler)
    i.SetSysClock                            0x08002318   Section        0  system_stm32f10x.o(i.SetSysClock)
    SetSysClock                              0x08002319   Thumb Code     8  system_stm32f10x.o(i.SetSysClock)
    i.SetSysClockTo72                        0x08002320   Section        0  system_stm32f10x.o(i.SetSysClockTo72)
    SetSysClockTo72                          0x08002321   Thumb Code   214  system_stm32f10x.o(i.SetSysClockTo72)
    i.SysTick_CLKSourceConfig                0x08002400   Section        0  misc.o(i.SysTick_CLKSourceConfig)
    i.SysTick_Handler                        0x08002428   Section        0  stm32f10x_it.o(i.SysTick_Handler)
    i.SystemInit                             0x0800242c   Section        0  system_stm32f10x.o(i.SystemInit)
    i.TIM3_IRQHandler                        0x0800248c   Section        0  timer.o(i.TIM3_IRQHandler)
    i.TIM3_Int_Init                          0x080025ac   Section        0  timer.o(i.TIM3_Int_Init)
    i.TIM_ClearITPendingBit                  0x0800260c   Section        0  stm32f10x_tim.o(i.TIM_ClearITPendingBit)
    i.TIM_Cmd                                0x08002612   Section        0  stm32f10x_tim.o(i.TIM_Cmd)
    i.TIM_GetITStatus                        0x0800262a   Section        0  stm32f10x_tim.o(i.TIM_GetITStatus)
    i.TIM_ITConfig                           0x0800264c   Section        0  stm32f10x_tim.o(i.TIM_ITConfig)
    i.TIM_TimeBaseInit                       0x08002660   Section        0  stm32f10x_tim.o(i.TIM_TimeBaseInit)
    i.USART1TxChar                           0x08002704   Section        0  usart.o(i.USART1TxChar)
    i.USART1TxStr                            0x08002724   Section        0  usart.o(i.USART1TxStr)
    i.USART1_IRQHandler                      0x0800273c   Section        0  usart.o(i.USART1_IRQHandler)
    i.USART2TxChar                           0x080027c0   Section        0  usart.o(i.USART2TxChar)
    i.USART2TxStr                            0x080027e0   Section        0  usart.o(i.USART2TxStr)
    i.USART2_Configuration                   0x080027f8   Section        0  usart.o(i.USART2_Configuration)
    USART2_Configuration                     0x080027f9   Thumb Code    68  usart.o(i.USART2_Configuration)
    i.USART2_GPIO_Configuration              0x08002840   Section        0  usart.o(i.USART2_GPIO_Configuration)
    USART2_GPIO_Configuration                0x08002841   Thumb Code    56  usart.o(i.USART2_GPIO_Configuration)
    i.USART2_IRQHandler                      0x0800287c   Section        0  usart.o(i.USART2_IRQHandler)
    i.USART2_NVIC_Configuration              0x080028e8   Section        0  usart.o(i.USART2_NVIC_Configuration)
    USART2_NVIC_Configuration                0x080028e9   Thumb Code    40  usart.o(i.USART2_NVIC_Configuration)
    i.USART2_RCC_Configuration               0x08002910   Section        0  usart.o(i.USART2_RCC_Configuration)
    USART2_RCC_Configuration                 0x08002911   Thumb Code    22  usart.o(i.USART2_RCC_Configuration)
    i.USART3TxChar                           0x0800292c   Section        0  usart.o(i.USART3TxChar)
    i.USART3TxData_hex                       0x0800294c   Section        0  usart.o(i.USART3TxData_hex)
    i.USART3_Configuration                   0x08002968   Section        0  usart.o(i.USART3_Configuration)
    USART3_Configuration                     0x08002969   Thumb Code    64  usart.o(i.USART3_Configuration)
    i.USART3_GPIO_Configuration              0x080029ac   Section        0  usart.o(i.USART3_GPIO_Configuration)
    USART3_GPIO_Configuration                0x080029ad   Thumb Code   110  usart.o(i.USART3_GPIO_Configuration)
    i.USART3_IRQHandler                      0x08002a24   Section        0  usart.o(i.USART3_IRQHandler)
    i.USART3_NVIC_Configuration              0x08002a80   Section        0  usart.o(i.USART3_NVIC_Configuration)
    USART3_NVIC_Configuration                0x08002a81   Thumb Code    38  usart.o(i.USART3_NVIC_Configuration)
    i.USART_Cmd                              0x08002aa6   Section        0  stm32f10x_usart.o(i.USART_Cmd)
    i.USART_GetFlagStatus                    0x08002abe   Section        0  stm32f10x_usart.o(i.USART_GetFlagStatus)
    i.USART_GetITStatus                      0x08002ad8   Section        0  stm32f10x_usart.o(i.USART_GetITStatus)
    i.USART_ITConfig                         0x08002b2c   Section        0  stm32f10x_usart.o(i.USART_ITConfig)
    i.USART_Init                             0x08002b78   Section        0  stm32f10x_usart.o(i.USART_Init)
    i.USART_ReceiveData                      0x08002c50   Section        0  stm32f10x_usart.o(i.USART_ReceiveData)
    i.USART_SendData                         0x08002c5a   Section        0  stm32f10x_usart.o(i.USART_SendData)
    i.UsageFault_Handler                     0x08002c62   Section        0  stm32f10x_it.o(i.UsageFault_Handler)
    i.Usart1_Init                            0x08002c68   Section        0  usart.o(i.Usart1_Init)
    i.Usart1_Remap_Init                      0x08002d44   Section        0  usart.o(i.Usart1_Remap_Init)
    i.Usart1_receive_process                 0x08002de8   Section        0  main.o(i.Usart1_receive_process)
    i.Usart2_Init                            0x08003074   Section        0  usart.o(i.Usart2_Init)
    i.Usart3_Remap_Init                      0x0800308c   Section        0  usart.o(i.Usart3_Remap_Init)
    i.Usart3_receive_process                 0x080030c4   Section        0  main.o(i.Usart3_receive_process)
    i._sys_exit                              0x08003204   Section        0  usart.o(i._sys_exit)
    i.copy_str                               0x08003208   Section        0  main.o(i.copy_str)
    i.delay_init                             0x08003220   Section        0  delay.o(i.delay_init)
    i.delay_ms                               0x08003264   Section        0  delay.o(i.delay_ms)
    i.main                                   0x080032b0   Section        0  main.o(i.main)
    i.wait_OK                                0x08003398   Section        0  main.o(i.wait_OK)
    i.wait_dayuhao                           0x080033b4   Section        0  main.o(i.wait_dayuhao)
    .constdata                               0x0800340c   Section     5668  lcd.o(.constdata)
    .conststring                             0x08004a30   Section       68  main.o(.conststring)
    .data                                    0x20000000   Section       28  lcd.o(.data)
    .data                                    0x2000001c   Section       20  stm32f10x_rcc.o(.data)
    APBAHBPrescTable                         0x2000001c   Data          16  stm32f10x_rcc.o(.data)
    ADCPrescTable                            0x2000002c   Data           4  stm32f10x_rcc.o(.data)
    .data                                    0x20000030   Section        4  delay.o(.data)
    fac_us                                   0x20000030   Data           1  delay.o(.data)
    fac_ms                                   0x20000032   Data           2  delay.o(.data)
    .data                                    0x20000034   Section        1  exti.o(.data)
    .data                                    0x20000035   Section        9  timer.o(.data)
    rtc_tick                                 0x2000003d   Data           1  timer.o(.data)
    .data                                    0x20000040   Section       22  usart.o(.data)
    .data                                    0x20000058   Section      153  main.o(.data)
    .data                                    0x200000f4   Section       20  system_stm32f10x.o(.data)
    .bss                                     0x20000108   Section     2048  stmflash.o(.bss)
    .bss                                     0x20000908   Section     1550  usart.o(.bss)
    .bss                                     0x20000f16   Section      140  main.o(.bss)
    .bss                                     0x20000fa4   Section       96  libspace.o(.bss)
    HEAP                                     0x20001008   Section      512  startup_stm32f10x_hd.o(HEAP)
    Heap_Mem                                 0x20001008   Data         512  startup_stm32f10x_hd.o(HEAP)
    STACK                                    0x20001208   Section     1024  startup_stm32f10x_hd.o(STACK)
    Stack_Mem                                0x20001208   Data        1024  startup_stm32f10x_hd.o(STACK)
    __initial_sp                             0x20001608   Data           0  startup_stm32f10x_hd.o(STACK)

    Global Symbols

    Symbol Name                              Value     Ov Type        Size  Object(Section)

    BuildAttributes$$THM_ISAv4$P$D$K$B$S$PE$A:L22UL41UL21$X:L11$S22US41US21$IEEE1$IW$USESV6$~STKCKD$USESV7$~SHL$OSPACE$ROPI$EBA8$UX$STANDARDLIB$REQ8$PRES8$EABIv2 0x00000000   Number         0  anon$$obj.o ABSOLUTE
    __ARM_use_no_argv                        0x00000000   Number         0  main.o ABSOLUTE
    __ARM_exceptions_init                     - Undefined Weak Reference
    __alloca_initialize                       - Undefined Weak Reference
    __arm_preinit_                            - Undefined Weak Reference
    __cpp_initialize__aeabi_                  - Undefined Weak Reference
    __cxa_finalize                            - Undefined Weak Reference
    __rt_locale                               - Undefined Weak Reference
    __sigvec_lookup                           - Undefined Weak Reference
    _atexit_init                              - Undefined Weak Reference
    _call_atexit_fns                          - Undefined Weak Reference
    _clock_init                               - Undefined Weak Reference
    _fp_trap_init                             - Undefined Weak Reference
    _fp_trap_shutdown                         - Undefined Weak Reference
    _get_lc_collate                           - Undefined Weak Reference
    _get_lc_ctype                             - Undefined Weak Reference
    _get_lc_monetary                          - Undefined Weak Reference
    _get_lc_numeric                           - Undefined Weak Reference
    _get_lc_time                              - Undefined Weak Reference
    _getenv_init                              - Undefined Weak Reference
    _handle_redirection                       - Undefined Weak Reference
    _init_alloc                               - Undefined Weak Reference
    _init_user_alloc                          - Undefined Weak Reference
    _initio                                   - Undefined Weak Reference
    _rand_init                                - Undefined Weak Reference
    _signal_finish                            - Undefined Weak Reference
    _signal_init                              - Undefined Weak Reference
    _terminate_alloc                          - Undefined Weak Reference
    _terminate_user_alloc                     - Undefined Weak Reference
    _terminateio                              - Undefined Weak Reference
    __Vectors_Size                           0x00000130   Number         0  startup_stm32f10x_hd.o ABSOLUTE
    __Vectors                                0x08000000   Data           4  startup_stm32f10x_hd.o(RESET)
    __Vectors_End                            0x08000130   Data           0  startup_stm32f10x_hd.o(RESET)
    __main                                   0x08000131   Thumb Code     8  __main.o(!!!main)
    __scatterload                            0x08000139   Thumb Code     0  __scatter.o(!!!scatter)
    __scatterload_rt2                        0x08000139   Thumb Code    44  __scatter.o(!!!scatter)
    __scatterload_rt2_thumb_only             0x08000139   Thumb Code     0  __scatter.o(!!!scatter)
    __scatterload_null                       0x08000147   Thumb Code     0  __scatter.o(!!!scatter)
    __scatterload_copy                       0x0800016d   Thumb Code    26  __scatter_copy.o(!!handler_copy)
    __scatterload_zeroinit                   0x08000189   Thumb Code    28  __scatter_zi.o(!!handler_zi)
    __rt_lib_init                            0x080001a5   Thumb Code     0  libinit.o(.ARM.Collect$$libinit$$00000000)
    __rt_lib_init_alloca_1                   0x080001a7   Thumb Code     0  libinit2.o(.ARM.Collect$$libinit$$0000002E)
    __rt_lib_init_argv_1                     0x080001a7   Thumb Code     0  libinit2.o(.ARM.Collect$$libinit$$0000002C)
    __rt_lib_init_atexit_1                   0x080001a7   Thumb Code     0  libinit2.o(.ARM.Collect$$libinit$$0000001B)
    __rt_lib_init_clock_1                    0x080001a7   Thumb Code     0  libinit2.o(.ARM.Collect$$libinit$$00000021)
    __rt_lib_init_cpp_1                      0x080001a7   Thumb Code     0  libinit2.o(.ARM.Collect$$libinit$$00000032)
    __rt_lib_init_exceptions_1               0x080001a7   Thumb Code     0  libinit2.o(.ARM.Collect$$libinit$$00000030)
    __rt_lib_init_fp_1                       0x080001a7   Thumb Code     0  libinit2.o(.ARM.Collect$$libinit$$00000002)
    __rt_lib_init_fp_trap_1                  0x080001a7   Thumb Code     0  libinit2.o(.ARM.Collect$$libinit$$0000001F)
    __rt_lib_init_getenv_1                   0x080001a7   Thumb Code     0  libinit2.o(.ARM.Collect$$libinit$$00000023)
    __rt_lib_init_heap_1                     0x080001a7   Thumb Code     0  libinit2.o(.ARM.Collect$$libinit$$0000000A)
    __rt_lib_init_lc_collate_1               0x080001a7   Thumb Code     0  libinit2.o(.ARM.Collect$$libinit$$00000011)
    __rt_lib_init_lc_ctype_1                 0x080001a7   Thumb Code     0  libinit2.o(.ARM.Collect$$libinit$$00000013)
    __rt_lib_init_lc_monetary_1              0x080001a7   Thumb Code     0  libinit2.o(.ARM.Collect$$libinit$$00000015)
    __rt_lib_init_lc_numeric_1               0x080001a7   Thumb Code     0  libinit2.o(.ARM.Collect$$libinit$$00000017)
    __rt_lib_init_lc_time_1                  0x080001a7   Thumb Code     0  libinit2.o(.ARM.Collect$$libinit$$00000019)
    __rt_lib_init_preinit_1                  0x080001a7   Thumb Code     0  libinit2.o(.ARM.Collect$$libinit$$00000004)
    __rt_lib_init_rand_1                     0x080001a7   Thumb Code     0  libinit2.o(.ARM.Collect$$libinit$$0000000E)
    __rt_lib_init_return                     0x080001a7   Thumb Code     0  libinit2.o(.ARM.Collect$$libinit$$00000033)
    __rt_lib_init_signal_1                   0x080001a7   Thumb Code     0  libinit2.o(.ARM.Collect$$libinit$$0000001D)
    __rt_lib_init_stdio_1                    0x080001a7   Thumb Code     0  libinit2.o(.ARM.Collect$$libinit$$00000025)
    __rt_lib_init_user_alloc_1               0x080001a7   Thumb Code     0  libinit2.o(.ARM.Collect$$libinit$$0000000C)
    __rt_lib_shutdown                        0x080001a9   Thumb Code     0  libshutdown.o(.ARM.Collect$$libshutdown$$00000000)
    __rt_lib_shutdown_cpp_1                  0x080001ab   Thumb Code     0  libshutdown2.o(.ARM.Collect$$libshutdown$$00000002)
    __rt_lib_shutdown_fp_trap_1              0x080001ab   Thumb Code     0  libshutdown2.o(.ARM.Collect$$libshutdown$$00000007)
    __rt_lib_shutdown_heap_1                 0x080001ab   Thumb Code     0  libshutdown2.o(.ARM.Collect$$libshutdown$$0000000F)
    __rt_lib_shutdown_return                 0x080001ab   Thumb Code     0  libshutdown2.o(.ARM.Collect$$libshutdown$$00000010)
    __rt_lib_shutdown_signal_1               0x080001ab   Thumb Code     0  libshutdown2.o(.ARM.Collect$$libshutdown$$0000000A)
    __rt_lib_shutdown_stdio_1                0x080001ab   Thumb Code     0  libshutdown2.o(.ARM.Collect$$libshutdown$$00000004)
    __rt_lib_shutdown_user_alloc_1           0x080001ab   Thumb Code     0  libshutdown2.o(.ARM.Collect$$libshutdown$$0000000C)
    __rt_entry                               0x080001ad   Thumb Code     0  __rtentry.o(.ARM.Collect$$rtentry$$00000000)
    __rt_entry_presh_1                       0x080001ad   Thumb Code     0  __rtentry2.o(.ARM.Collect$$rtentry$$00000002)
    __rt_entry_sh                            0x080001ad   Thumb Code     0  __rtentry4.o(.ARM.Collect$$rtentry$$00000004)
    __rt_entry_li                            0x080001b3   Thumb Code     0  __rtentry2.o(.ARM.Collect$$rtentry$$0000000A)
    __rt_entry_postsh_1                      0x080001b3   Thumb Code     0  __rtentry2.o(.ARM.Collect$$rtentry$$00000009)
    __rt_entry_main                          0x080001b7   Thumb Code     0  __rtentry2.o(.ARM.Collect$$rtentry$$0000000D)
    __rt_entry_postli_1                      0x080001b7   Thumb Code     0  __rtentry2.o(.ARM.Collect$$rtentry$$0000000C)
    __rt_exit                                0x080001bf   Thumb Code     0  rtexit.o(.ARM.Collect$$rtexit$$00000000)
    __rt_exit_ls                             0x080001c1   Thumb Code     0  rtexit2.o(.ARM.Collect$$rtexit$$00000003)
    __rt_exit_prels_1                        0x080001c1   Thumb Code     0  rtexit2.o(.ARM.Collect$$rtexit$$00000002)
    __rt_exit_exit                           0x080001c5   Thumb Code     0  rtexit2.o(.ARM.Collect$$rtexit$$00000004)
    Reset_Handler                            0x080001cd   Thumb Code     8  startup_stm32f10x_hd.o(.text)
    ADC1_2_IRQHandler                        0x080001e7   Thumb Code     0  startup_stm32f10x_hd.o(.text)
    ADC3_IRQHandler                          0x080001e7   Thumb Code     0  startup_stm32f10x_hd.o(.text)
    CAN1_RX1_IRQHandler                      0x080001e7   Thumb Code     0  startup_stm32f10x_hd.o(.text)
    CAN1_SCE_IRQHandler                      0x080001e7   Thumb Code     0  startup_stm32f10x_hd.o(.text)
    DMA1_Channel1_IRQHandler                 0x080001e7   Thumb Code     0  startup_stm32f10x_hd.o(.text)
    DMA1_Channel2_IRQHandler                 0x080001e7   Thumb Code     0  startup_stm32f10x_hd.o(.text)
    DMA1_Channel3_IRQHandler                 0x080001e7   Thumb Code     0  startup_stm32f10x_hd.o(.text)
    DMA1_Channel4_IRQHandler                 0x080001e7   Thumb Code     0  startup_stm32f10x_hd.o(.text)
    DMA1_Channel5_IRQHandler                 0x080001e7   Thumb Code     0  startup_stm32f10x_hd.o(.text)
    DMA1_Channel6_IRQHandler                 0x080001e7   Thumb Code     0  startup_stm32f10x_hd.o(.text)
    DMA1_Channel7_IRQHandler                 0x080001e7   Thumb Code     0  startup_stm32f10x_hd.o(.text)
    DMA2_Channel1_IRQHandler                 0x080001e7   Thumb Code     0  startup_stm32f10x_hd.o(.text)
    DMA2_Channel2_IRQHandler                 0x080001e7   Thumb Code     0  startup_stm32f10x_hd.o(.text)
    DMA2_Channel3_IRQHandler                 0x080001e7   Thumb Code     0  startup_stm32f10x_hd.o(.text)
    DMA2_Channel4_5_IRQHandler               0x080001e7   Thumb Code     0  startup_stm32f10x_hd.o(.text)
    EXTI0_IRQHandler                         0x080001e7   Thumb Code     0  startup_stm32f10x_hd.o(.text)
    EXTI15_10_IRQHandler                     0x080001e7   Thumb Code     0  startup_stm32f10x_hd.o(.text)
    EXTI2_IRQHandler                         0x080001e7   Thumb Code     0  startup_stm32f10x_hd.o(.text)
    EXTI3_IRQHandler                         0x080001e7   Thumb Code     0  startup_stm32f10x_hd.o(.text)
    FLASH_IRQHandler                         0x080001e7   Thumb Code     0  startup_stm32f10x_hd.o(.text)
    FSMC_IRQHandler                          0x080001e7   Thumb Code     0  startup_stm32f10x_hd.o(.text)
    I2C1_ER_IRQHandler                       0x080001e7   Thumb Code     0  startup_stm32f10x_hd.o(.text)
    I2C1_EV_IRQHandler                       0x080001e7   Thumb Code     0  startup_stm32f10x_hd.o(.text)
    I2C2_ER_IRQHandler                       0x080001e7   Thumb Code     0  startup_stm32f10x_hd.o(.text)
    I2C2_EV_IRQHandler                       0x080001e7   Thumb Code     0  startup_stm32f10x_hd.o(.text)
    PVD_IRQHandler                           0x080001e7   Thumb Code     0  startup_stm32f10x_hd.o(.text)
    RCC_IRQHandler                           0x080001e7   Thumb Code     0  startup_stm32f10x_hd.o(.text)
    RTCAlarm_IRQHandler                      0x080001e7   Thumb Code     0  startup_stm32f10x_hd.o(.text)
    RTC_IRQHandler                           0x080001e7   Thumb Code     0  startup_stm32f10x_hd.o(.text)
    SDIO_IRQHandler                          0x080001e7   Thumb Code     0  startup_stm32f10x_hd.o(.text)
    SPI1_IRQHandler                          0x080001e7   Thumb Code     0  startup_stm32f10x_hd.o(.text)
    SPI2_IRQHandler                          0x080001e7   Thumb Code     0  startup_stm32f10x_hd.o(.text)
    SPI3_IRQHandler                          0x080001e7   Thumb Code     0  startup_stm32f10x_hd.o(.text)
    TAMPER_IRQHandler                        0x080001e7   Thumb Code     0  startup_stm32f10x_hd.o(.text)
    TIM1_BRK_IRQHandler                      0x080001e7   Thumb Code     0  startup_stm32f10x_hd.o(.text)
    TIM1_CC_IRQHandler                       0x080001e7   Thumb Code     0  startup_stm32f10x_hd.o(.text)
    TIM1_TRG_COM_IRQHandler                  0x080001e7   Thumb Code     0  startup_stm32f10x_hd.o(.text)
    TIM1_UP_IRQHandler                       0x080001e7   Thumb Code     0  startup_stm32f10x_hd.o(.text)
    TIM2_IRQHandler                          0x080001e7   Thumb Code     0  startup_stm32f10x_hd.o(.text)
    TIM4_IRQHandler                          0x080001e7   Thumb Code     0  startup_stm32f10x_hd.o(.text)
    TIM5_IRQHandler                          0x080001e7   Thumb Code     0  startup_stm32f10x_hd.o(.text)
    TIM6_IRQHandler                          0x080001e7   Thumb Code     0  startup_stm32f10x_hd.o(.text)
    TIM7_IRQHandler                          0x080001e7   Thumb Code     0  startup_stm32f10x_hd.o(.text)
    TIM8_BRK_IRQHandler                      0x080001e7   Thumb Code     0  startup_stm32f10x_hd.o(.text)
    TIM8_CC_IRQHandler                       0x080001e7   Thumb Code     0  startup_stm32f10x_hd.o(.text)
    TIM8_TRG_COM_IRQHandler                  0x080001e7   Thumb Code     0  startup_stm32f10x_hd.o(.text)
    TIM8_UP_IRQHandler                       0x080001e7   Thumb Code     0  startup_stm32f10x_hd.o(.text)
    UART4_IRQHandler                         0x080001e7   Thumb Code     0  startup_stm32f10x_hd.o(.text)
    UART5_IRQHandler                         0x080001e7   Thumb Code     0  startup_stm32f10x_hd.o(.text)
    USBWakeUp_IRQHandler                     0x080001e7   Thumb Code     0  startup_stm32f10x_hd.o(.text)
    USB_HP_CAN1_TX_IRQHandler                0x080001e7   Thumb Code     0  startup_stm32f10x_hd.o(.text)
    USB_LP_CAN1_RX0_IRQHandler               0x080001e7   Thumb Code     0  startup_stm32f10x_hd.o(.text)
    WWDG_IRQHandler                          0x080001e7   Thumb Code     0  startup_stm32f10x_hd.o(.text)
    __user_initial_stackheap                 0x080001e9   Thumb Code     0  startup_stm32f10x_hd.o(.text)
    __use_no_semihosting                     0x0800020d   Thumb Code     2  use_no_semi_2.o(.text)
    __use_two_region_memory                  0x0800020f   Thumb Code     2  heapauxi.o(.text)
    __rt_heap_escrow$2region                 0x08000211   Thumb Code     2  heapauxi.o(.text)
    __rt_heap_expand$2region                 0x08000213   Thumb Code     2  heapauxi.o(.text)
    __I$use$semihosting                      0x08000215   Thumb Code     0  use_no_semi.o(.text)
    __use_no_semihosting_swi                 0x08000215   Thumb Code     2  use_no_semi.o(.text)
    __user_setup_stackheap                   0x08000217   Thumb Code    74  sys_stackheap_outer.o(.text)
    exit                                     0x08000261   Thumb Code    18  exit.o(.text)
    __user_libspace                          0x08000275   Thumb Code     8  libspace.o(.text)
    __user_perproc_libspace                  0x08000275   Thumb Code     0  libspace.o(.text)
    __user_perthread_libspace                0x08000275   Thumb Code     0  libspace.o(.text)
    Address_set                              0x0800027d   Thumb Code    90  lcd.o(i.Address_set)
    BusFault_Handler                         0x080002d7   Thumb Code     4  stm32f10x_it.o(i.BusFault_Handler)
    CLR_Buf1                                 0x080002dd   Thumb Code    28  usart.o(i.CLR_Buf1)
    CLR_Buf3                                 0x08000301   Thumb Code    26  usart.o(i.CLR_Buf3)
    DebugMon_Handler                         0x08000325   Thumb Code     2  stm32f10x_it.o(i.DebugMon_Handler)
    ESP8266_Init                             0x08000329   Thumb Code   258  main.o(i.ESP8266_Init)
    EXTI1_IRQHandler                         0x080005b1   Thumb Code    58  exti.o(i.EXTI1_IRQHandler)
    EXTI4_IRQHandler                         0x080005f9   Thumb Code    58  exti.o(i.EXTI4_IRQHandler)
    EXTI9_5_IRQHandler                       0x08000641   Thumb Code   122  exti.o(i.EXTI9_5_IRQHandler)
    EXTIX_Init                               0x080006c9   Thumb Code   216  exti.o(i.EXTIX_Init)
    EXTI_ClearITPendingBit                   0x080007a1   Thumb Code     6  stm32f10x_exti.o(i.EXTI_ClearITPendingBit)
    EXTI_Init                                0x080007ad   Thumb Code   142  stm32f10x_exti.o(i.EXTI_Init)
    FLASH_ErasePage                          0x08000841   Thumb Code    72  stm32f10x_flash.o(i.FLASH_ErasePage)
    FLASH_GetBank1Status                     0x0800088d   Thumb Code    48  stm32f10x_flash.o(i.FLASH_GetBank1Status)
    FLASH_Lock                               0x080008c1   Thumb Code    14  stm32f10x_flash.o(i.FLASH_Lock)
    FLASH_ProgramHalfWord                    0x080008d5   Thumb Code    60  stm32f10x_flash.o(i.FLASH_ProgramHalfWord)
    FLASH_Unlock                             0x08000915   Thumb Code    12  stm32f10x_flash.o(i.FLASH_Unlock)
    FLASH_WaitForLastOperation               0x0800092d   Thumb Code    38  stm32f10x_flash.o(i.FLASH_WaitForLastOperation)
    FLASH_data_init                          0x08000955   Thumb Code   244  main.o(i.FLASH_data_init)
    GPIO_Configuration                       0x08000a91   Thumb Code   230  gpio.o(i.GPIO_Configuration)
    GPIO_EXTILineConfig                      0x08000b81   Thumb Code    60  stm32f10x_gpio.o(i.GPIO_EXTILineConfig)
    GPIO_Init                                0x08000bc1   Thumb Code   278  stm32f10x_gpio.o(i.GPIO_Init)
    GPIO_PinRemapConfig                      0x08000cd9   Thumb Code   138  stm32f10x_gpio.o(i.GPIO_PinRemapConfig)
    GPIO_ReadInputDataBit                    0x08000d69   Thumb Code    18  stm32f10x_gpio.o(i.GPIO_ReadInputDataBit)
    GPIO_ResetBits                           0x08000d7b   Thumb Code     4  stm32f10x_gpio.o(i.GPIO_ResetBits)
    GPIO_SetBits                             0x08000d7f   Thumb Code     4  stm32f10x_gpio.o(i.GPIO_SetBits)
    GPIO_StructInit                          0x08000d83   Thumb Code    16  stm32f10x_gpio.o(i.GPIO_StructInit)
    HardFault_Handler                        0x08000d93   Thumb Code     4  stm32f10x_it.o(i.HardFault_Handler)
    KEY_Init                                 0x08000d99   Thumb Code    32  exti.o(i.KEY_Init)
    Key_procsess                             0x08000dbd   Thumb Code   382  main.o(i.Key_procsess)
    LCD_Clear                                0x08000fa5   Thumb Code    48  lcd.o(i.LCD_Clear)
    LCD_DrawLine                             0x08000fd5   Thumb Code   168  lcd.o(i.LCD_DrawLine)
    LCD_DrawPoint                            0x0800107d   Thumb Code    28  lcd.o(i.LCD_DrawPoint)
    LCD_DrawRectangle                        0x0800109d   Thumb Code    64  lcd.o(i.LCD_DrawRectangle)
    LCD_Fill                                 0x080010dd   Thumb Code    62  lcd.o(i.LCD_Fill)
    LCD_ShowChar                             0x0800111d   Thumb Code   216  lcd.o(i.LCD_ShowChar)
    LCD_ShowString                           0x08001201   Thumb Code    62  lcd.o(i.LCD_ShowString)
    LCD_Show_Chinese16x16                    0x0800123f   Thumb Code    42  lcd.o(i.LCD_Show_Chinese16x16)
    LCD_Show_One_Chinese16x16                0x08001269   Thumb Code   168  lcd.o(i.LCD_Show_One_Chinese16x16)
    LCD_WR_DATA                              0x0800131d   Thumb Code    28  lcd.o(i.LCD_WR_DATA)
    LCD_WR_DATA8                             0x0800133d   Thumb Code    20  lcd.o(i.LCD_WR_DATA8)
    LCD_WR_REG                               0x08001355   Thumb Code    20  lcd.o(i.LCD_WR_REG)
    LCD_Writ_Bus                             0x0800136d   Thumb Code    12  lcd.o(i.LCD_Writ_Bus)
    LCD_display_init                         0x08001379   Thumb Code   390  main.o(i.LCD_display_init)
    Lcd_Init                                 0x080015d1   Thumb Code   590  lcd.o(i.Lcd_Init)
    Light_Control                            0x08001825   Thumb Code   254  main.o(i.Light_Control)
    MemManage_Handler                        0x0800194d   Thumb Code     4  stm32f10x_it.o(i.MemManage_Handler)
    Mileage_process                          0x08001951   Thumb Code   426  main.o(i.Mileage_process)
    NMI_Handler                              0x08001b2d   Thumb Code     2  stm32f10x_it.o(i.NMI_Handler)
    NVIC_Configuration                       0x08001b2f   Thumb Code    12  sys.o(i.NVIC_Configuration)
    NVIC_Init                                0x08001b3d   Thumb Code   100  misc.o(i.NVIC_Init)
    NVIC_PriorityGroupConfig                 0x08001bad   Thumb Code    10  misc.o(i.NVIC_PriorityGroupConfig)
    PendSV_Handler                           0x08001bc1   Thumb Code     2  stm32f10x_it.o(i.PendSV_Handler)
    Query                                    0x08001bc3   Thumb Code    98  main.o(i.Query)
    RCC_APB1PeriphClockCmd                   0x08001c25   Thumb Code    26  stm32f10x_rcc.o(i.RCC_APB1PeriphClockCmd)
    RCC_APB2PeriphClockCmd                   0x08001c45   Thumb Code    26  stm32f10x_rcc.o(i.RCC_APB2PeriphClockCmd)
    RCC_GetClocksFreq                        0x08001c65   Thumb Code   192  stm32f10x_rcc.o(i.RCC_GetClocksFreq)
    Regularly_collect_data                   0x08001d39   Thumb Code   258  main.o(i.Regularly_collect_data)
    Renew_Flash                              0x08001e89   Thumb Code   462  main.o(i.Renew_Flash)
    SPI2_Init                                0x08002095   Thumb Code   128  spi.o(i.SPI2_Init)
    SPI2_ReadWriteByte                       0x0800211d   Thumb Code    78  spi.o(i.SPI2_ReadWriteByte)
    SPI_Cmd                                  0x08002171   Thumb Code    24  stm32f10x_spi.o(i.SPI_Cmd)
    SPI_I2S_GetFlagStatus                    0x08002189   Thumb Code    18  stm32f10x_spi.o(i.SPI_I2S_GetFlagStatus)
    SPI_I2S_ReceiveData                      0x0800219b   Thumb Code     6  stm32f10x_spi.o(i.SPI_I2S_ReceiveData)
    SPI_I2S_SendData                         0x080021a1   Thumb Code     4  stm32f10x_spi.o(i.SPI_I2S_SendData)
    SPI_Init                                 0x080021a5   Thumb Code    60  stm32f10x_spi.o(i.SPI_Init)
    STMFLASH_Read                            0x080021e1   Thumb Code    34  stmflash.o(i.STMFLASH_Read)
    STMFLASH_ReadHalfWord                    0x08002203   Thumb Code     6  stmflash.o(i.STMFLASH_ReadHalfWord)
    STMFLASH_Write                           0x08002209   Thumb Code   222  stmflash.o(i.STMFLASH_Write)
    STMFLASH_Write_NoCheck                   0x080022f1   Thumb Code    38  stmflash.o(i.STMFLASH_Write_NoCheck)
    SVC_Handler                              0x08002317   Thumb Code     2  stm32f10x_it.o(i.SVC_Handler)
    SysTick_CLKSourceConfig                  0x08002401   Thumb Code    40  misc.o(i.SysTick_CLKSourceConfig)
    SysTick_Handler                          0x08002429   Thumb Code     2  stm32f10x_it.o(i.SysTick_Handler)
    SystemInit                               0x0800242d   Thumb Code    78  system_stm32f10x.o(i.SystemInit)
    TIM3_IRQHandler                          0x0800248d   Thumb Code   240  timer.o(i.TIM3_IRQHandler)
    TIM3_Int_Init                            0x080025ad   Thumb Code    90  timer.o(i.TIM3_Int_Init)
    TIM_ClearITPendingBit                    0x0800260d   Thumb Code     6  stm32f10x_tim.o(i.TIM_ClearITPendingBit)
    TIM_Cmd                                  0x08002613   Thumb Code    24  stm32f10x_tim.o(i.TIM_Cmd)
    TIM_GetITStatus                          0x0800262b   Thumb Code    34  stm32f10x_tim.o(i.TIM_GetITStatus)
    TIM_ITConfig                             0x0800264d   Thumb Code    18  stm32f10x_tim.o(i.TIM_ITConfig)
    TIM_TimeBaseInit                         0x08002661   Thumb Code   122  stm32f10x_tim.o(i.TIM_TimeBaseInit)
    USART1TxChar                             0x08002705   Thumb Code    28  usart.o(i.USART1TxChar)
    USART1TxStr                              0x08002725   Thumb Code    22  usart.o(i.USART1TxStr)
    USART1_IRQHandler                        0x0800273d   Thumb Code   106  usart.o(i.USART1_IRQHandler)
    USART2TxChar                             0x080027c1   Thumb Code    28  usart.o(i.USART2TxChar)
    USART2TxStr                              0x080027e1   Thumb Code    22  usart.o(i.USART2TxStr)
    USART2_IRQHandler                        0x0800287d   Thumb Code    92  usart.o(i.USART2_IRQHandler)
    USART3TxChar                             0x0800292d   Thumb Code    28  usart.o(i.USART3TxChar)
    USART3TxData_hex                         0x0800294d   Thumb Code    26  usart.o(i.USART3TxData_hex)
    USART3_IRQHandler                        0x08002a25   Thumb Code    70  usart.o(i.USART3_IRQHandler)
    USART_Cmd                                0x08002aa7   Thumb Code    24  stm32f10x_usart.o(i.USART_Cmd)
    USART_GetFlagStatus                      0x08002abf   Thumb Code    26  stm32f10x_usart.o(i.USART_GetFlagStatus)
    USART_GetITStatus                        0x08002ad9   Thumb Code    84  stm32f10x_usart.o(i.USART_GetITStatus)
    USART_ITConfig                           0x08002b2d   Thumb Code    74  stm32f10x_usart.o(i.USART_ITConfig)
    USART_Init                               0x08002b79   Thumb Code   210  stm32f10x_usart.o(i.USART_Init)
    USART_ReceiveData                        0x08002c51   Thumb Code    10  stm32f10x_usart.o(i.USART_ReceiveData)
    USART_SendData                           0x08002c5b   Thumb Code     8  stm32f10x_usart.o(i.USART_SendData)
    UsageFault_Handler                       0x08002c63   Thumb Code     4  stm32f10x_it.o(i.UsageFault_Handler)
    Usart1_Init                              0x08002c69   Thumb Code   206  usart.o(i.Usart1_Init)
    Usart1_Remap_Init                        0x08002d45   Thumb Code   156  usart.o(i.Usart1_Remap_Init)
    Usart1_receive_process                   0x08002de9   Thumb Code   442  main.o(i.Usart1_receive_process)
    Usart2_Init                              0x08003075   Thumb Code    24  usart.o(i.Usart2_Init)
    Usart3_Remap_Init                        0x0800308d   Thumb Code    46  usart.o(i.Usart3_Remap_Init)
    Usart3_receive_process                   0x080030c5   Thumb Code   280  main.o(i.Usart3_receive_process)
    _sys_exit                                0x08003205   Thumb Code     4  usart.o(i._sys_exit)
    copy_str                                 0x08003209   Thumb Code    22  main.o(i.copy_str)
    delay_init                               0x08003221   Thumb Code    50  delay.o(i.delay_init)
    delay_ms                                 0x08003265   Thumb Code    72  delay.o(i.delay_ms)
    main                                     0x080032b1   Thumb Code   158  main.o(i.main)
    wait_OK                                  0x08003399   Thumb Code    24  main.o(i.wait_OK)
    wait_dayuhao                             0x080033b5   Thumb Code    70  main.o(i.wait_dayuhao)
    asc2_1608                                0x0800340c   Data        1520  lcd.o(.constdata)
    codeGB_16x16                             0x080039fc   Data        4148  lcd.o(.constdata)
    Region$$Table$$Base                      0x08004a74   Number         0  anon$$obj.o(Region$$Table)
    Region$$Table$$Limit                     0x08004a94   Number         0  anon$$obj.o(Region$$Table)
    ref                                      0x20000000   Data           1  lcd.o(.data)
    vx                                       0x20000004   Data           4  lcd.o(.data)
    vy                                       0x20000008   Data           4  lcd.o(.data)
    chx                                      0x2000000c   Data           4  lcd.o(.data)
    chy                                      0x20000010   Data           4  lcd.o(.data)
    BACK_COLOR                               0x20000014   Data           4  lcd.o(.data)
    POINT_COLOR                              0x20000018   Data           4  lcd.o(.data)
    KEY_value                                0x20000034   Data           1  exti.o(.data)
    Count_timer                              0x20000035   Data           1  timer.o(.data)
    Flag_timer_2S                            0x20000036   Data           1  timer.o(.data)
    Count_timer_2                            0x20000037   Data           1  timer.o(.data)
    Flag_timer_Accumulated_Mileage_1S        0x20000038   Data           1  timer.o(.data)
    Flag_state_Accumulated_Mileage           0x20000039   Data           1  timer.o(.data)
    rtc_hour                                 0x2000003a   Data           1  timer.o(.data)
    rtc_min                                  0x2000003b   Data           1  timer.o(.data)
    rtc_sec                                  0x2000003c   Data           1  timer.o(.data)
    USART1_RX_STA                            0x20000040   Data           2  usart.o(.data)
    USART2_RX_STA                            0x20000042   Data           2  usart.o(.data)
    USART3_RX_STA                            0x20000044   Data           2  usart.o(.data)
    Count_Timer3_value_USART1_receive_timeout 0x20000046   Data           1  usart.o(.data)
    Count_Timer3_value_USART3_receive_timeout 0x20000047   Data           1  usart.o(.data)
    Flag_Usart1_Receive                      0x20000048   Data           1  usart.o(.data)
    Flag_Usart1_Remap_Receive                0x20000049   Data           1  usart.o(.data)
    Flag_Usart2_Receive                      0x2000004a   Data           1  usart.o(.data)
    Flag_Usart3_Receive                      0x2000004b   Data           1  usart.o(.data)
    Flag_Usart1_Remap                        0x2000004c   Data           1  usart.o(.data)
    Flag_Usart3_Remap                        0x2000004d   Data           1  usart.o(.data)
    Flag_Usart3_Receive_Complete             0x2000004e   Data           1  usart.o(.data)
    Flag_usart1_receive_OK                   0x2000004f   Data           1  usart.o(.data)
    __stdout                                 0x20000050   Data           4  usart.o(.data)
    USART_RX_STA                             0x20000054   Data           2  usart.o(.data)
    x_start                                  0x20000058   Data           1  main.o(.data)
    Flag_0WiFi_1ZigBee                       0x20000059   Data           1  main.o(.data)
    Flag_car_status                          0x2000005a   Data           1  main.o(.data)
    Value_Accumulated_Mileage_current_order  0x2000005c   Data           4  main.o(.data)
    Light_threshold                          0x20000060   Data           2  main.o(.data)
    Flag_manual_light_mode                   0x20000062   Data           1  main.o(.data)
    Value_Accumulated_Mileage_total          0x20000064   Data           4  main.o(.data)
    Read_Humiture_CMD                        0x20000068   Data           8  main.o(.data)
    Read_Illuminance_CMD                     0x20000070   Data           8  main.o(.data)
    Str_Light_threshold                      0x20000078   Data           4  main.o(.data)
    Str_RTC_time                             0x2000007c   Data           9  main.o(.data)
    Light_value_str                          0x20000085   Data           7  main.o(.data)
    Light_value                              0x2000008c   Data           4  main.o(.data)
    temp_u32                                 0x20000090   Data           4  main.o(.data)
    Flag_LED_ONOFF                           0x20000094   Data           1  main.o(.data)
    Flag_ON_OFF_left_light                   0x20000095   Data           1  main.o(.data)
    Flag_ON_OFF_right_light                  0x20000096   Data           1  main.o(.data)
    Flag_type_Low_High_close_light           0x20000097   Data           1  main.o(.data)
    Flag_auto_light                          0x20000098   Data           1  main.o(.data)
    Data_buf_WiFi_Light                      0x20000099   Data          17  main.o(.data)
    Str_Value_Accumulated_Mileage_current_order 0x200000aa   Data           6  main.o(.data)
    Str_Value_Accumulated_Mileage_total      0x200000b0   Data           7  main.o(.data)
    Buf_Save_Flash                           0x200000b8   Data           6  main.o(.data)
    Flag_LED3_ONOFF                          0x200000be   Data           1  main.o(.data)
    Flag_blink_ONOFF                         0x200000bf   Data           1  main.o(.data)
    Tem_value                                0x200000c0   Data           4  main.o(.data)
    Hum_value                                0x200000c4   Data           4  main.o(.data)
    Value_threshold                          0x200000c8   Data           2  main.o(.data)
    Flag_Alarm                               0x200000ca   Data           1  main.o(.data)
    Flag_allow_alarm                         0x200000cb   Data           1  main.o(.data)
    Str_Value_threshold                      0x200000cc   Data           5  main.o(.data)
    Temp_value_str                           0x200000d1   Data           7  main.o(.data)
    Hum_value_str                            0x200000d8   Data           6  main.o(.data)
    Temp_max_value_str                       0x200000de   Data           5  main.o(.data)
    Max_temperature                          0x200000e4   Data           2  main.o(.data)
    Max_voltage                              0x200000e6   Data           1  main.o(.data)
    Count_Value_Accumulated_temes_alarm      0x200000e7   Data           1  main.o(.data)
    Str_Count_Value_Accumulated_temes_alarm  0x200000e8   Data           4  main.o(.data)
    Accumulated_Mileage_total                0x200000ec   Data           2  main.o(.data)
    Flag_Sonser_Device_onoff                 0x200000ee   Data           1  main.o(.data)
    x                                        0x200000ef   Data           1  main.o(.data)
    flag                                     0x200000f0   Data           1  main.o(.data)
    SystemCoreClock                          0x200000f4   Data           4  system_stm32f10x.o(.data)
    AHBPrescTable                            0x200000f8   Data          16  system_stm32f10x.o(.data)
    STMFLASH_BUF                             0x20000108   Data        2048  stmflash.o(.bss)
    USART1_RX_BUF                            0x20000908   Data         800  usart.o(.bss)
    USART2_RX_BUF                            0x20000c28   Data         250  usart.o(.bss)
    USART3_RX_BUF                            0x20000d22   Data         250  usart.o(.bss)
    USART_RX_BUF                             0x20000e1c   Data         250  usart.o(.bss)
    Data_buf_WiFi                            0x20000f16   Data          50  main.o(.bss)
    Data_buf_ZigBee                          0x20000f48   Data          70  main.o(.bss)
    AT_send_buf                              0x20000f8e   Data          20  main.o(.bss)
    __libspace_start                         0x20000fa4   Data          96  libspace.o(.bss)
    __temporary_stack_top$libspace           0x20001004   Data           0  libspace.o(.bss)



==============================================================================

Memory Map of the image

  Image Entry point : 0x08000131

  Load Region LR_IROM1 (Base: 0x08000000, Size: 0x00004b9c, Max: 0x00080000, ABSOLUTE)

    Execution Region ER_IROM1 (Base: 0x08000000, Size: 0x00004a94, Max: 0x00080000, ABSOLUTE)

    Base Addr    Size         Type   Attr      Idx    E Section Name        Object

    0x08000000   0x00000130   Data   RO           19    RESET               startup_stm32f10x_hd.o
    0x08000130   0x00000008   Code   RO         3847  * !!!main             c_w.l(__main.o)
    0x08000138   0x00000034   Code   RO         4002    !!!scatter          c_w.l(__scatter.o)
    0x0800016c   0x0000001a   Code   RO         4004    !!handler_copy      c_w.l(__scatter_copy.o)
    0x08000186   0x00000002   PAD
    0x08000188   0x0000001c   Code   RO         4006    !!handler_zi        c_w.l(__scatter_zi.o)
    0x080001a4   0x00000002   Code   RO         3876    .ARM.Collect$$libinit$$00000000  c_w.l(libinit.o)
    0x080001a6   0x00000000   Code   RO         3883    .ARM.Collect$$libinit$$00000002  c_w.l(libinit2.o)
    0x080001a6   0x00000000   Code   RO         3885    .ARM.Collect$$libinit$$00000004  c_w.l(libinit2.o)
    0x080001a6   0x00000000   Code   RO         3888    .ARM.Collect$$libinit$$0000000A  c_w.l(libinit2.o)
    0x080001a6   0x00000000   Code   RO         3890    .ARM.Collect$$libinit$$0000000C  c_w.l(libinit2.o)
    0x080001a6   0x00000000   Code   RO         3892    .ARM.Collect$$libinit$$0000000E  c_w.l(libinit2.o)
    0x080001a6   0x00000000   Code   RO         3895    .ARM.Collect$$libinit$$00000011  c_w.l(libinit2.o)
    0x080001a6   0x00000000   Code   RO         3897    .ARM.Collect$$libinit$$00000013  c_w.l(libinit2.o)
    0x080001a6   0x00000000   Code   RO         3899    .ARM.Collect$$libinit$$00000015  c_w.l(libinit2.o)
    0x080001a6   0x00000000   Code   RO         3901    .ARM.Collect$$libinit$$00000017  c_w.l(libinit2.o)
    0x080001a6   0x00000000   Code   RO         3903    .ARM.Collect$$libinit$$00000019  c_w.l(libinit2.o)
    0x080001a6   0x00000000   Code   RO         3905    .ARM.Collect$$libinit$$0000001B  c_w.l(libinit2.o)
    0x080001a6   0x00000000   Code   RO         3907    .ARM.Collect$$libinit$$0000001D  c_w.l(libinit2.o)
    0x080001a6   0x00000000   Code   RO         3909    .ARM.Collect$$libinit$$0000001F  c_w.l(libinit2.o)
    0x080001a6   0x00000000   Code   RO         3911    .ARM.Collect$$libinit$$00000021  c_w.l(libinit2.o)
    0x080001a6   0x00000000   Code   RO         3913    .ARM.Collect$$libinit$$00000023  c_w.l(libinit2.o)
    0x080001a6   0x00000000   Code   RO         3915    .ARM.Collect$$libinit$$00000025  c_w.l(libinit2.o)
    0x080001a6   0x00000000   Code   RO         3919    .ARM.Collect$$libinit$$0000002C  c_w.l(libinit2.o)
    0x080001a6   0x00000000   Code   RO         3921    .ARM.Collect$$libinit$$0000002E  c_w.l(libinit2.o)
    0x080001a6   0x00000000   Code   RO         3923    .ARM.Collect$$libinit$$00000030  c_w.l(libinit2.o)
    0x080001a6   0x00000000   Code   RO         3925    .ARM.Collect$$libinit$$00000032  c_w.l(libinit2.o)
    0x080001a6   0x00000002   Code   RO         3926    .ARM.Collect$$libinit$$00000033  c_w.l(libinit2.o)
    0x080001a8   0x00000002   Code   RO         3944    .ARM.Collect$$libshutdown$$00000000  c_w.l(libshutdown.o)
    0x080001aa   0x00000000   Code   RO         3954    .ARM.Collect$$libshutdown$$00000002  c_w.l(libshutdown2.o)
    0x080001aa   0x00000000   Code   RO         3956    .ARM.Collect$$libshutdown$$00000004  c_w.l(libshutdown2.o)
    0x080001aa   0x00000000   Code   RO         3959    .ARM.Collect$$libshutdown$$00000007  c_w.l(libshutdown2.o)
    0x080001aa   0x00000000   Code   RO         3962    .ARM.Collect$$libshutdown$$0000000A  c_w.l(libshutdown2.o)
    0x080001aa   0x00000000   Code   RO         3964    .ARM.Collect$$libshutdown$$0000000C  c_w.l(libshutdown2.o)
    0x080001aa   0x00000000   Code   RO         3967    .ARM.Collect$$libshutdown$$0000000F  c_w.l(libshutdown2.o)
    0x080001aa   0x00000002   Code   RO         3968    .ARM.Collect$$libshutdown$$00000010  c_w.l(libshutdown2.o)
    0x080001ac   0x00000000   Code   RO         3851    .ARM.Collect$$rtentry$$00000000  c_w.l(__rtentry.o)
    0x080001ac   0x00000000   Code   RO         3853    .ARM.Collect$$rtentry$$00000002  c_w.l(__rtentry2.o)
    0x080001ac   0x00000006   Code   RO         3865    .ARM.Collect$$rtentry$$00000004  c_w.l(__rtentry4.o)
    0x080001b2   0x00000000   Code   RO         3855    .ARM.Collect$$rtentry$$00000009  c_w.l(__rtentry2.o)
    0x080001b2   0x00000004   Code   RO         3856    .ARM.Collect$$rtentry$$0000000A  c_w.l(__rtentry2.o)
    0x080001b6   0x00000000   Code   RO         3858    .ARM.Collect$$rtentry$$0000000C  c_w.l(__rtentry2.o)
    0x080001b6   0x00000008   Code   RO         3859    .ARM.Collect$$rtentry$$0000000D  c_w.l(__rtentry2.o)
    0x080001be   0x00000002   Code   RO         3880    .ARM.Collect$$rtexit$$00000000  c_w.l(rtexit.o)
    0x080001c0   0x00000000   Code   RO         3928    .ARM.Collect$$rtexit$$00000002  c_w.l(rtexit2.o)
    0x080001c0   0x00000004   Code   RO         3929    .ARM.Collect$$rtexit$$00000003  c_w.l(rtexit2.o)
    0x080001c4   0x00000006   Code   RO         3930    .ARM.Collect$$rtexit$$00000004  c_w.l(rtexit2.o)
    0x080001ca   0x00000002   PAD
    0x080001cc   0x00000040   Code   RO           20    .text               startup_stm32f10x_hd.o
    0x0800020c   0x00000002   Code   RO         3843    .text               c_w.l(use_no_semi_2.o)
    0x0800020e   0x00000006   Code   RO         3845    .text               c_w.l(heapauxi.o)
    0x08000214   0x00000002   Code   RO         3849    .text               c_w.l(use_no_semi.o)
    0x08000216   0x0000004a   Code   RO         3867    .text               c_w.l(sys_stackheap_outer.o)
    0x08000260   0x00000012   Code   RO         3869    .text               c_w.l(exit.o)
    0x08000272   0x00000002   PAD
    0x08000274   0x00000008   Code   RO         3877    .text               c_w.l(libspace.o)
    0x0800027c   0x0000005a   Code   RO          170    i.Address_set       lcd.o
    0x080002d6   0x00000004   Code   RO         3744    i.BusFault_Handler  stm32f10x_it.o
    0x080002da   0x00000002   PAD
    0x080002dc   0x00000024   Code   RO         3407    i.CLR_Buf1          usart.o
    0x08000300   0x00000024   Code   RO         3409    i.CLR_Buf3          usart.o
    0x08000324   0x00000002   Code   RO         3745    i.DebugMon_Handler  stm32f10x_it.o
    0x08000326   0x00000002   PAD
    0x08000328   0x00000288   Code   RO         3609    i.ESP8266_Init      main.o
    0x080005b0   0x00000048   Code   RO         3284    i.EXTI1_IRQHandler  exti.o
    0x080005f8   0x00000048   Code   RO         3285    i.EXTI4_IRQHandler  exti.o
    0x08000640   0x00000088   Code   RO         3286    i.EXTI9_5_IRQHandler  exti.o
    0x080006c8   0x000000d8   Code   RO         3287    i.EXTIX_Init        exti.o
    0x080007a0   0x0000000c   Code   RO         1086    i.EXTI_ClearITPendingBit  stm32f10x_exti.o
    0x080007ac   0x00000094   Code   RO         1091    i.EXTI_Init         stm32f10x_exti.o
    0x08000840   0x0000004c   Code   RO         1144    i.FLASH_ErasePage   stm32f10x_flash.o
    0x0800088c   0x00000034   Code   RO         1145    i.FLASH_GetBank1Status  stm32f10x_flash.o
    0x080008c0   0x00000014   Code   RO         1154    i.FLASH_Lock        stm32f10x_flash.o
    0x080008d4   0x00000040   Code   RO         1157    i.FLASH_ProgramHalfWord  stm32f10x_flash.o
    0x08000914   0x00000018   Code   RO         1162    i.FLASH_Unlock      stm32f10x_flash.o
    0x0800092c   0x00000026   Code   RO         1166    i.FLASH_WaitForLastOperation  stm32f10x_flash.o
    0x08000952   0x00000002   PAD
    0x08000954   0x0000013c   Code   RO         3610    i.FLASH_data_init   main.o
    0x08000a90   0x000000f0   Code   RO          152    i.GPIO_Configuration  gpio.o
    0x08000b80   0x00000040   Code   RO         1436    i.GPIO_EXTILineConfig  stm32f10x_gpio.o
    0x08000bc0   0x00000116   Code   RO         1439    i.GPIO_Init         stm32f10x_gpio.o
    0x08000cd6   0x00000002   PAD
    0x08000cd8   0x00000090   Code   RO         1441    i.GPIO_PinRemapConfig  stm32f10x_gpio.o
    0x08000d68   0x00000012   Code   RO         1443    i.GPIO_ReadInputDataBit  stm32f10x_gpio.o
    0x08000d7a   0x00000004   Code   RO         1446    i.GPIO_ResetBits    stm32f10x_gpio.o
    0x08000d7e   0x00000004   Code   RO         1447    i.GPIO_SetBits      stm32f10x_gpio.o
    0x08000d82   0x00000010   Code   RO         1448    i.GPIO_StructInit   stm32f10x_gpio.o
    0x08000d92   0x00000004   Code   RO         3746    i.HardFault_Handler  stm32f10x_it.o
    0x08000d96   0x00000002   PAD
    0x08000d98   0x00000024   Code   RO         3288    i.KEY_Init          exti.o
    0x08000dbc   0x000001e8   Code   RO         3612    i.Key_procsess      main.o
    0x08000fa4   0x00000030   Code   RO          171    i.LCD_Clear         lcd.o
    0x08000fd4   0x000000a8   Code   RO          172    i.LCD_DrawLine      lcd.o
    0x0800107c   0x00000020   Code   RO          173    i.LCD_DrawPoint     lcd.o
    0x0800109c   0x00000040   Code   RO          174    i.LCD_DrawRectangle  lcd.o
    0x080010dc   0x0000003e   Code   RO          175    i.LCD_Fill          lcd.o
    0x0800111a   0x00000002   PAD
    0x0800111c   0x000000e4   Code   RO          176    i.LCD_ShowChar      lcd.o
    0x08001200   0x0000003e   Code   RO          177    i.LCD_ShowString    lcd.o
    0x0800123e   0x0000002a   Code   RO          178    i.LCD_Show_Chinese16x16  lcd.o
    0x08001268   0x000000b4   Code   RO          179    i.LCD_Show_One_Chinese16x16  lcd.o
    0x0800131c   0x00000020   Code   RO          180    i.LCD_WR_DATA       lcd.o
    0x0800133c   0x00000018   Code   RO          181    i.LCD_WR_DATA8      lcd.o
    0x08001354   0x00000018   Code   RO          182    i.LCD_WR_REG        lcd.o
    0x0800136c   0x0000000c   Code   RO          184    i.LCD_Writ_Bus      lcd.o
    0x08001378   0x00000258   Code   RO         3613    i.LCD_display_init  main.o
    0x080015d0   0x00000254   Code   RO          185    i.Lcd_Init          lcd.o
    0x08001824   0x00000128   Code   RO         3614    i.Light_Control     main.o
    0x0800194c   0x00000004   Code   RO         3747    i.MemManage_Handler  stm32f10x_it.o
    0x08001950   0x000001dc   Code   RO         3615    i.Mileage_process   main.o
    0x08001b2c   0x00000002   Code   RO         3748    i.NMI_Handler       stm32f10x_it.o
    0x08001b2e   0x0000000c   Code   RO         3360    i.NVIC_Configuration  sys.o
    0x08001b3a   0x00000002   PAD
    0x08001b3c   0x00000070   Code   RO          288    i.NVIC_Init         misc.o
    0x08001bac   0x00000014   Code   RO          289    i.NVIC_PriorityGroupConfig  misc.o
    0x08001bc0   0x00000002   Code   RO         3749    i.PendSV_Handler    stm32f10x_it.o
    0x08001bc2   0x00000062   Code   RO         3616    i.Query             main.o
    0x08001c24   0x00000020   Code   RO         1855    i.RCC_APB1PeriphClockCmd  stm32f10x_rcc.o
    0x08001c44   0x00000020   Code   RO         1857    i.RCC_APB2PeriphClockCmd  stm32f10x_rcc.o
    0x08001c64   0x000000d4   Code   RO         1865    i.RCC_GetClocksFreq  stm32f10x_rcc.o
    0x08001d38   0x00000150   Code   RO         3617    i.Regularly_collect_data  main.o
    0x08001e88   0x0000020c   Code   RO         3618    i.Renew_Flash       main.o
    0x08002094   0x00000088   Code   RO         3333    i.SPI2_Init         spi.o
    0x0800211c   0x00000054   Code   RO         3334    i.SPI2_ReadWriteByte  spi.o
    0x08002170   0x00000018   Code   RO         2334    i.SPI_Cmd           stm32f10x_spi.o
    0x08002188   0x00000012   Code   RO         2342    i.SPI_I2S_GetFlagStatus  stm32f10x_spi.o
    0x0800219a   0x00000006   Code   RO         2345    i.SPI_I2S_ReceiveData  stm32f10x_spi.o
    0x080021a0   0x00000004   Code   RO         2346    i.SPI_I2S_SendData  stm32f10x_spi.o
    0x080021a4   0x0000003c   Code   RO         2347    i.SPI_Init          stm32f10x_spi.o
    0x080021e0   0x00000022   Code   RO           24    i.STMFLASH_Read     stmflash.o
    0x08002202   0x00000006   Code   RO           25    i.STMFLASH_ReadHalfWord  stmflash.o
    0x08002208   0x000000e8   Code   RO           26    i.STMFLASH_Write    stmflash.o
    0x080022f0   0x00000026   Code   RO           27    i.STMFLASH_Write_NoCheck  stmflash.o
    0x08002316   0x00000002   Code   RO         3750    i.SVC_Handler       stm32f10x_it.o
    0x08002318   0x00000008   Code   RO         3807    i.SetSysClock       system_stm32f10x.o
    0x08002320   0x000000e0   Code   RO         3808    i.SetSysClockTo72   system_stm32f10x.o
    0x08002400   0x00000028   Code   RO          292    i.SysTick_CLKSourceConfig  misc.o
    0x08002428   0x00000002   Code   RO         3751    i.SysTick_Handler   stm32f10x_it.o
    0x0800242a   0x00000002   PAD
    0x0800242c   0x00000060   Code   RO         3810    i.SystemInit        system_stm32f10x.o
    0x0800248c   0x00000120   Code   RO         3375    i.TIM3_IRQHandler   timer.o
    0x080025ac   0x00000060   Code   RO         3376    i.TIM3_Int_Init     timer.o
    0x0800260c   0x00000006   Code   RO         2484    i.TIM_ClearITPendingBit  stm32f10x_tim.o
    0x08002612   0x00000018   Code   RO         2489    i.TIM_Cmd           stm32f10x_tim.o
    0x0800262a   0x00000022   Code   RO         2510    i.TIM_GetITStatus   stm32f10x_tim.o
    0x0800264c   0x00000012   Code   RO         2514    i.TIM_ITConfig      stm32f10x_tim.o
    0x0800265e   0x00000002   PAD
    0x08002660   0x000000a4   Code   RO         2560    i.TIM_TimeBaseInit  stm32f10x_tim.o
    0x08002704   0x00000020   Code   RO         3410    i.USART1TxChar      usart.o
    0x08002724   0x00000016   Code   RO         3413    i.USART1TxStr       usart.o
    0x0800273a   0x00000002   PAD
    0x0800273c   0x00000084   Code   RO         3414    i.USART1_IRQHandler  usart.o
    0x080027c0   0x00000020   Code   RO         3415    i.USART2TxChar      usart.o
    0x080027e0   0x00000016   Code   RO         3418    i.USART2TxStr       usart.o
    0x080027f6   0x00000002   PAD
    0x080027f8   0x00000048   Code   RO         3419    i.USART2_Configuration  usart.o
    0x08002840   0x0000003c   Code   RO         3420    i.USART2_GPIO_Configuration  usart.o
    0x0800287c   0x0000006c   Code   RO         3421    i.USART2_IRQHandler  usart.o
    0x080028e8   0x00000028   Code   RO         3422    i.USART2_NVIC_Configuration  usart.o
    0x08002910   0x0000001c   Code   RO         3423    i.USART2_RCC_Configuration  usart.o
    0x0800292c   0x00000020   Code   RO         3424    i.USART3TxChar      usart.o
    0x0800294c   0x0000001a   Code   RO         3426    i.USART3TxData_hex  usart.o
    0x08002966   0x00000002   PAD
    0x08002968   0x00000044   Code   RO         3428    i.USART3_Configuration  usart.o
    0x080029ac   0x00000078   Code   RO         3429    i.USART3_GPIO_Configuration  usart.o
    0x08002a24   0x0000005c   Code   RO         3430    i.USART3_IRQHandler  usart.o
    0x08002a80   0x00000026   Code   RO         3431    i.USART3_NVIC_Configuration  usart.o
    0x08002aa6   0x00000018   Code   RO         3025    i.USART_Cmd         stm32f10x_usart.o
    0x08002abe   0x0000001a   Code   RO         3028    i.USART_GetFlagStatus  stm32f10x_usart.o
    0x08002ad8   0x00000054   Code   RO         3029    i.USART_GetITStatus  stm32f10x_usart.o
    0x08002b2c   0x0000004a   Code   RO         3031    i.USART_ITConfig    stm32f10x_usart.o
    0x08002b76   0x00000002   PAD
    0x08002b78   0x000000d8   Code   RO         3032    i.USART_Init        stm32f10x_usart.o
    0x08002c50   0x0000000a   Code   RO         3039    i.USART_ReceiveData  stm32f10x_usart.o
    0x08002c5a   0x00000008   Code   RO         3042    i.USART_SendData    stm32f10x_usart.o
    0x08002c62   0x00000004   Code   RO         3752    i.UsageFault_Handler  stm32f10x_it.o
    0x08002c66   0x00000002   PAD
    0x08002c68   0x000000dc   Code   RO         3432    i.Usart1_Init       usart.o
    0x08002d44   0x000000a4   Code   RO         3433    i.Usart1_Remap_Init  usart.o
    0x08002de8   0x0000028c   Code   RO         3619    i.Usart1_receive_process  main.o
    0x08003074   0x00000018   Code   RO         3434    i.Usart2_Init       usart.o
    0x0800308c   0x00000038   Code   RO         3436    i.Usart3_Remap_Init  usart.o
    0x080030c4   0x00000140   Code   RO         3620    i.Usart3_receive_process  main.o
    0x08003204   0x00000004   Code   RO         3437    i._sys_exit         usart.o
    0x08003208   0x00000016   Code   RO         3622    i.copy_str          main.o
    0x0800321e   0x00000002   PAD
    0x08003220   0x00000044   Code   RO         3255    i.delay_init        delay.o
    0x08003264   0x0000004c   Code   RO         3256    i.delay_ms          delay.o
    0x080032b0   0x000000e8   Code   RO         3623    i.main              main.o
    0x08003398   0x0000001c   Code   RO         3624    i.wait_OK           main.o
    0x080033b4   0x00000058   Code   RO         3625    i.wait_dayuhao      main.o
    0x0800340c   0x00001624   Data   RO          186    .constdata          lcd.o
    0x08004a30   0x00000044   Data   RO         3627    .conststring        main.o
    0x08004a74   0x00000020   Data   RO         4000    Region$$Table       anon$$obj.o


    Execution Region RW_IRAM1 (Base: 0x20000000, Size: 0x00001608, Max: 0x00010000, ABSOLUTE)

    Base Addr    Size         Type   Attr      Idx    E Section Name        Object

    0x20000000   0x0000001c   Data   RW          187    .data               lcd.o
    0x2000001c   0x00000014   Data   RW         1885    .data               stm32f10x_rcc.o
    0x20000030   0x00000004   Data   RW         3258    .data               delay.o
    0x20000034   0x00000001   Data   RW         3289    .data               exti.o
    0x20000035   0x00000009   Data   RW         3377    .data               timer.o
    0x2000003e   0x00000002   PAD
    0x20000040   0x00000016   Data   RW         3440    .data               usart.o
    0x20000056   0x00000002   PAD
    0x20000058   0x00000099   Data   RW         3628    .data               main.o
    0x200000f1   0x00000003   PAD
    0x200000f4   0x00000014   Data   RW         3811    .data               system_stm32f10x.o
    0x20000108   0x00000800   Zero   RW           29    .bss                stmflash.o
    0x20000908   0x0000060e   Zero   RW         3439    .bss                usart.o
    0x20000f16   0x0000008c   Zero   RW         3626    .bss                main.o
    0x20000fa2   0x00000002   PAD
    0x20000fa4   0x00000060   Zero   RW         3878    .bss                c_w.l(libspace.o)
    0x20001004   0x00000004   PAD
    0x20001008   0x00000200   Zero   RW           18    HEAP                startup_stm32f10x_hd.o
    0x20001208   0x00000400   Zero   RW           17    STACK               startup_stm32f10x_hd.o


==============================================================================

Image component sizes


      Code (inc. data)   RO Data    RW Data    ZI Data      Debug   Object Name

         0          0          0          0          0       4540   core_cm3.o
       144         22          0          4          0       1224   delay.o
       532         46          0          1          0       2935   exti.o
       240         10          0          0          0        609   gpio.o
      1664         46       5668         28          0      11198   lcd.o
      5124       1356         68        153        140      12151   main.o
       172         22          0          0          0       2089   misc.o
       220         14          0          0          0       1261   spi.o
        64         26        304          0       1536        796   startup_stm32f10x_hd.o
       160         12          0          0          0       1525   stm32f10x_exti.o
       274         30          0          0          0       3478   stm32f10x_flash.o
       528         10          0          0          0       5702   stm32f10x_gpio.o
        26          0          0          0          0       3790   stm32f10x_it.o
       276         32          0         20          0       4470   stm32f10x_rcc.o
       112          0          0          0          0       3878   stm32f10x_spi.o
       246         42          0          0          0       3598   stm32f10x_tim.o
       442          6          0          0          0       6237   stm32f10x_usart.o
       310         10          0          0       2048     267269   stmflash.o
        12          0          0          0          0        461   sys.o
       328         28          0         20          0       2125   system_stm32f10x.o
       384         54          0          9          0       1906   timer.o
      1464        154          0         22       1550      15420   usart.o

    ----------------------------------------------------------------------
     12752       1920       6072        264       5276     356662   Object Totals
         0          0         32          0          0          0   (incl. Generated)
        30          0          0          7          2          0   (incl. Padding)

    ----------------------------------------------------------------------

      Code (inc. data)   RO Data    RW Data    ZI Data      Debug   Library Member Name

         8          0          0          0          0         68   __main.o
         0          0          0          0          0          0   __rtentry.o
        12          0          0          0          0          0   __rtentry2.o
         6          0          0          0          0          0   __rtentry4.o
        52          8          0          0          0          0   __scatter.o
        26          0          0          0          0          0   __scatter_copy.o
        28          0          0          0          0          0   __scatter_zi.o
        18          0          0          0          0         80   exit.o
         6          0          0          0          0        152   heapauxi.o
         2          0          0          0          0          0   libinit.o
         2          0          0          0          0          0   libinit2.o
         2          0          0          0          0          0   libshutdown.o
         2          0          0          0          0          0   libshutdown2.o
         8          4          0          0         96         68   libspace.o
         2          0          0          0          0          0   rtexit.o
        10          0          0          0          0          0   rtexit2.o
        74          0          0          0          0         80   sys_stackheap_outer.o
         2          0          0          0          0         68   use_no_semi.o
         2          0          0          0          0         68   use_no_semi_2.o

    ----------------------------------------------------------------------
       268         12          0          0        100        584   Library Totals
         6          0          0          0          4          0   (incl. Padding)

    ----------------------------------------------------------------------

      Code (inc. data)   RO Data    RW Data    ZI Data      Debug   Library Name

       262         12          0          0         96        584   c_w.l

    ----------------------------------------------------------------------
       268         12          0          0        100        584   Library Totals

    ----------------------------------------------------------------------

==============================================================================


      Code (inc. data)   RO Data    RW Data    ZI Data      Debug   

     13020       1932       6072        264       5376     351106   Grand Totals
     13020       1932       6072        264       5376     351106   ELF Image Totals
     13020       1932       6072        264          0          0   ROM Totals

==============================================================================

    Total RO  Size (Code + RO Data)                19092 (  18.64kB)
    Total RW  Size (RW Data + ZI Data)              5640 (   5.51kB)
    Total ROM Size (Code + RO Data + RW Data)      19356 (  18.90kB)

==============================================================================

